11-Jan-2026 05:19:17.842 INFO [main] org.apache.catalina.startup.VersionLoggerListener.log Server version name:   Apache Tomcat/9.0.113
11-Jan-2026 05:19:17.849 INFO [main] org.apache.catalina.startup.VersionLoggerListener.log Server built:          Dec 2 2025 19:51:24 UTC
11-Jan-2026 05:19:17.853 INFO [main] org.apache.catalina.startup.VersionLoggerListener.log Server version number: 9.0.113.0
11-Jan-2026 05:19:17.854 INFO [main] org.apache.catalina.startup.VersionLoggerListener.log OS Name:               Windows 10
11-Jan-2026 05:19:17.854 INFO [main] org.apache.catalina.startup.VersionLoggerListener.log OS Version:            10.0
11-Jan-2026 05:19:17.854 INFO [main] org.apache.catalina.startup.VersionLoggerListener.log Architecture:          amd64
11-Jan-2026 05:19:17.855 INFO [main] org.apache.catalina.startup.VersionLoggerListener.log Java Home:             C:\Program Files\Eclipse Adoptium\jdk-11.0.29.7-hotspot
11-Jan-2026 05:19:17.855 INFO [main] org.apache.catalina.startup.VersionLoggerListener.log JVM Version:           11.0.29+7
11-Jan-2026 05:19:17.855 INFO [main] org.apache.catalina.startup.VersionLoggerListener.log JVM Vendor:            Eclipse Adoptium
11-Jan-2026 05:19:17.855 INFO [main] org.apache.catalina.startup.VersionLoggerListener.log CATALINA_BASE:         C:\Users\HP\Desktop\kopicatz\apache-tomcat-9.0.113
11-Jan-2026 05:19:17.855 INFO [main] org.apache.catalina.startup.VersionLoggerListener.log CATALINA_HOME:         C:\Users\HP\Desktop\kopicatz\apache-tomcat-9.0.113
11-Jan-2026 05:19:17.892 INFO [main] org.apache.catalina.startup.VersionLoggerListener.log Command line argument: -Djava.util.logging.config.file=c:\Users\HP\Desktop\kopicatz\apache-tomcat-9.0.113/conf/logging.properties
11-Jan-2026 05:19:17.892 INFO [main] org.apache.catalina.startup.VersionLoggerListener.log Command line argument: -Djava.util.logging.manager=org.apache.juli.ClassLoaderLogManager
11-Jan-2026 05:19:17.892 INFO [main] org.apache.catalina.startup.VersionLoggerListener.log Command line argument: -Djdk.tls.ephemeralDHKeySize=2048
11-Jan-2026 05:19:17.892 INFO [main] org.apache.catalina.startup.VersionLoggerListener.log Command line argument: -Djava.protocol.handler.pkgs=org.apache.catalina.webresources
11-Jan-2026 05:19:17.892 INFO [main] org.apache.catalina.startup.VersionLoggerListener.log Command line argument: -Dorg.apache.catalina.security.SecurityListener.UMASK=0027
11-Jan-2026 05:19:17.892 INFO [main] org.apache.catalina.startup.VersionLoggerListener.log Command line argument: -Dcatalina.base=c:\Users\HP\Desktop\kopicatz\apache-tomcat-9.0.113
11-Jan-2026 05:19:17.892 INFO [main] org.apache.catalina.startup.VersionLoggerListener.log Command line argument: -Dcatalina.home=c:\Users\HP\Desktop\kopicatz\apache-tomcat-9.0.113
11-Jan-2026 05:19:17.892 INFO [main] org.apache.catalina.startup.VersionLoggerListener.log Command line argument: -Djava.io.tmpdir=c:\Users\HP\Desktop\kopicatz\apache-tomcat-9.0.113/temp
11-Jan-2026 05:19:17.925 INFO [main] org.apache.catalina.core.AprLifecycleListener.lifecycleEvent Loaded Apache Tomcat Native library [1.3.1] using APR version [1.7.4].
11-Jan-2026 05:19:17.925 INFO [main] org.apache.catalina.core.AprLifecycleListener.lifecycleEvent APR capabilities: IPv6 [true], sendfile [true], accept filters [false], random [true], UDS [true].
11-Jan-2026 05:19:17.925 INFO [main] org.apache.catalina.core.AprLifecycleListener.lifecycleEvent APR/OpenSSL configuration: useAprConnector [false], useOpenSSL [true]
11-Jan-2026 05:19:17.970 INFO [main] org.apache.catalina.core.AprLifecycleListener.initializeSSL OpenSSL successfully initialized [OpenSSL 3.0.14 4 Jun 2024]
11-Jan-2026 05:19:18.882 INFO [main] org.apache.coyote.AbstractProtocol.init Initializing ProtocolHandler ["http-nio-8080"]
11-Jan-2026 05:19:18.988 INFO [main] org.apache.catalina.startup.Catalina.load Server initialization in [1698] milliseconds
11-Jan-2026 05:19:19.260 INFO [main] org.apache.catalina.core.StandardService.startInternal Starting service [Catalina]
11-Jan-2026 05:19:19.268 INFO [main] org.apache.catalina.core.StandardEngine.startInternal Starting Servlet engine: [Apache Tomcat/9.0.113]
11-Jan-2026 05:19:19.310 INFO [main] org.apache.catalina.startup.HostConfig.deployDirectory Deploying web application directory [C:\Users\HP\Desktop\kopicatz\apache-tomcat-9.0.113\webapps\docs]
11-Jan-2026 05:19:19.510 WARNING [main] org.apache.catalina.webresources.DirResourceSet.initInternal Disabled the global canonical file name cache to protect against CVE-2024-56337 when starting the WebResourceSet at [C:\Users\HP\Desktop\kopicatz\apache-tomcat-9.0.113\webapps\docs] which is part of the web application [/docs]
11-Jan-2026 05:19:20.767 WARNING [main] org.apache.catalina.util.SessionIdGeneratorBase.createSecureRandom Creation of SecureRandom instance for session ID generation using [SHA1PRNG] took [371] milliseconds.
11-Jan-2026 05:19:20.868 INFO [main] org.apache.catalina.startup.HostConfig.deployDirectory Deployment of web application directory [C:\Users\HP\Desktop\kopicatz\apache-tomcat-9.0.113\webapps\docs] has finished in [1,561] ms
11-Jan-2026 05:19:20.868 INFO [main] org.apache.catalina.startup.HostConfig.deployDirectory Deploying web application directory [C:\Users\HP\Desktop\kopicatz\apache-tomcat-9.0.113\webapps\examples]
11-Jan-2026 05:19:22.763 INFO [main] org.apache.catalina.startup.HostConfig.deployDirectory Deployment of web application directory [C:\Users\HP\Desktop\kopicatz\apache-tomcat-9.0.113\webapps\examples] has finished in [1,895] ms
11-Jan-2026 05:19:22.763 INFO [main] org.apache.catalina.startup.HostConfig.deployDirectory Deploying web application directory [C:\Users\HP\Desktop\kopicatz\apache-tomcat-9.0.113\webapps\host-manager]
11-Jan-2026 05:19:22.915 INFO [main] org.apache.catalina.startup.HostConfig.deployDirectory Deployment of web application directory [C:\Users\HP\Desktop\kopicatz\apache-tomcat-9.0.113\webapps\host-manager] has finished in [152] ms
11-Jan-2026 05:19:22.915 INFO [main] org.apache.catalina.startup.HostConfig.deployDirectory Deploying web application directory [C:\Users\HP\Desktop\kopicatz\apache-tomcat-9.0.113\webapps\manager]
11-Jan-2026 05:19:23.044 INFO [main] org.apache.catalina.startup.HostConfig.deployDirectory Deployment of web application directory [C:\Users\HP\Desktop\kopicatz\apache-tomcat-9.0.113\webapps\manager] has finished in [129] ms
11-Jan-2026 05:19:23.044 INFO [main] org.apache.catalina.startup.HostConfig.deployDirectory Deploying web application directory [C:\Users\HP\Desktop\kopicatz\apache-tomcat-9.0.113\webapps\ROOT]
11-Jan-2026 05:19:23.161 INFO [main] org.apache.catalina.startup.HostConfig.deployDirectory Deployment of web application directory [C:\Users\HP\Desktop\kopicatz\apache-tomcat-9.0.113\webapps\ROOT] has finished in [117] ms
11-Jan-2026 05:19:23.178 INFO [main] org.apache.coyote.AbstractProtocol.start Starting ProtocolHandler ["http-nio-8080"]
11-Jan-2026 05:19:23.550 INFO [main] org.apache.catalina.startup.Catalina.start Server startup in [4560] milliseconds
11-Jan-2026 05:19:53.742 INFO [Catalina-utility-2] org.apache.catalina.startup.HostConfig.deployDirectory Deploying web application directory [C:\Users\HP\Desktop\kopicatz\apache-tomcat-9.0.113\webapps\backend]
11-Jan-2026 05:19:53.837 INFO [Catalina-utility-2] org.apache.catalina.startup.HostConfig.deployDirectory Deployment of web application directory [C:\Users\HP\Desktop\kopicatz\apache-tomcat-9.0.113\webapps\backend] has finished in [96] ms
11-Jan-2026 10:25:16.448 INFO [main] org.apache.catalina.core.StandardServer.await A valid shutdown command was received via the shutdown port. Stopping the Server instance.
11-Jan-2026 10:25:16.449 INFO [main] org.apache.coyote.AbstractProtocol.pause Pausing ProtocolHandler ["http-nio-8080"]
11-Jan-2026 10:25:16.985 INFO [main] org.apache.catalina.core.StandardService.stopInternal Stopping service [Catalina]
11-Jan-2026 10:25:17.036 INFO [main] org.apache.coyote.AbstractProtocol.stop Stopping ProtocolHandler ["http-nio-8080"]
11-Jan-2026 10:25:17.055 INFO [main] org.apache.coyote.AbstractProtocol.destroy Destroying ProtocolHandler ["http-nio-8080"]
11-Jan-2026 10:25:18.389 INFO [main] org.apache.catalina.startup.VersionLoggerListener.log Server version name:   Apache Tomcat/9.0.113
11-Jan-2026 10:25:18.401 INFO [main] org.apache.catalina.startup.VersionLoggerListener.log Server built:          Dec 2 2025 19:51:24 UTC
11-Jan-2026 10:25:18.401 INFO [main] org.apache.catalina.startup.VersionLoggerListener.log Server version number: 9.0.113.0
11-Jan-2026 10:25:18.401 INFO [main] org.apache.catalina.startup.VersionLoggerListener.log OS Name:               Windows 10
11-Jan-2026 10:25:18.401 INFO [main] org.apache.catalina.startup.VersionLoggerListener.log OS Version:            10.0
11-Jan-2026 10:25:18.401 INFO [main] org.apache.catalina.startup.VersionLoggerListener.log Architecture:          amd64
11-Jan-2026 10:25:18.401 INFO [main] org.apache.catalina.startup.VersionLoggerListener.log Java Home:             C:\Program Files\Eclipse Adoptium\jdk-11.0.29.7-hotspot
11-Jan-2026 10:25:18.406 INFO [main] org.apache.catalina.startup.VersionLoggerListener.log JVM Version:           11.0.29+7
11-Jan-2026 10:25:18.407 INFO [main] org.apache.catalina.startup.VersionLoggerListener.log JVM Vendor:            Eclipse Adoptium
11-Jan-2026 10:25:18.407 INFO [main] org.apache.catalina.startup.VersionLoggerListener.log CATALINA_BASE:         C:\Users\HP\Desktop\kopicatz\apache-tomcat-9.0.113
11-Jan-2026 10:25:18.407 INFO [main] org.apache.catalina.startup.VersionLoggerListener.log CATALINA_HOME:         C:\Users\HP\Desktop\kopicatz\apache-tomcat-9.0.113
11-Jan-2026 10:25:18.466 INFO [main] org.apache.catalina.startup.VersionLoggerListener.log Command line argument: -Djava.util.logging.config.file=c:\Users\HP\Desktop\kopicatz\apache-tomcat-9.0.113/conf/logging.properties
11-Jan-2026 10:25:18.467 INFO [main] org.apache.catalina.startup.VersionLoggerListener.log Command line argument: -Djava.util.logging.manager=org.apache.juli.ClassLoaderLogManager
11-Jan-2026 10:25:18.467 INFO [main] org.apache.catalina.startup.VersionLoggerListener.log Command line argument: -Djdk.tls.ephemeralDHKeySize=2048
11-Jan-2026 10:25:18.467 INFO [main] org.apache.catalina.startup.VersionLoggerListener.log Command line argument: -Djava.protocol.handler.pkgs=org.apache.catalina.webresources
11-Jan-2026 10:25:18.468 INFO [main] org.apache.catalina.startup.VersionLoggerListener.log Command line argument: -Dorg.apache.catalina.security.SecurityListener.UMASK=0027
11-Jan-2026 10:25:18.468 INFO [main] org.apache.catalina.startup.VersionLoggerListener.log Command line argument: -Dcatalina.base=c:\Users\HP\Desktop\kopicatz\apache-tomcat-9.0.113
11-Jan-2026 10:25:18.468 INFO [main] org.apache.catalina.startup.VersionLoggerListener.log Command line argument: -Dcatalina.home=c:\Users\HP\Desktop\kopicatz\apache-tomcat-9.0.113
11-Jan-2026 10:25:18.468 INFO [main] org.apache.catalina.startup.VersionLoggerListener.log Command line argument: -Djava.io.tmpdir=c:\Users\HP\Desktop\kopicatz\apache-tomcat-9.0.113/temp
11-Jan-2026 10:25:18.478 INFO [main] org.apache.catalina.core.AprLifecycleListener.lifecycleEvent Loaded Apache Tomcat Native library [1.3.1] using APR version [1.7.4].
11-Jan-2026 10:25:18.478 INFO [main] org.apache.catalina.core.AprLifecycleListener.lifecycleEvent APR capabilities: IPv6 [true], sendfile [true], accept filters [false], random [true], UDS [true].
11-Jan-2026 10:25:18.478 INFO [main] org.apache.catalina.core.AprLifecycleListener.lifecycleEvent APR/OpenSSL configuration: useAprConnector [false], useOpenSSL [true]
11-Jan-2026 10:25:18.495 INFO [main] org.apache.catalina.core.AprLifecycleListener.initializeSSL OpenSSL successfully initialized [OpenSSL 3.0.14 4 Jun 2024]
11-Jan-2026 10:25:19.103 INFO [main] org.apache.coyote.AbstractProtocol.init Initializing ProtocolHandler ["http-nio-8080"]
11-Jan-2026 10:25:19.172 INFO [main] org.apache.catalina.startup.Catalina.load Server initialization in [1409] milliseconds
11-Jan-2026 10:25:19.308 INFO [main] org.apache.catalina.core.StandardService.startInternal Starting service [Catalina]
11-Jan-2026 10:25:19.308 INFO [main] org.apache.catalina.core.StandardEngine.startInternal Starting Servlet engine: [Apache Tomcat/9.0.113]
11-Jan-2026 10:25:19.331 INFO [main] org.apache.catalina.startup.HostConfig.deployDirectory Deploying web application directory [C:\Users\HP\Desktop\kopicatz\apache-tomcat-9.0.113\webapps\backend]
11-Jan-2026 10:25:19.422 WARNING [main] org.apache.catalina.webresources.DirResourceSet.initInternal Disabled the global canonical file name cache to protect against CVE-2024-56337 when starting the WebResourceSet at [C:\Users\HP\Desktop\kopicatz\apache-tomcat-9.0.113\webapps\backend] which is part of the web application [/backend]
11-Jan-2026 10:25:20.158 WARNING [main] org.apache.catalina.util.SessionIdGeneratorBase.createSecureRandom Creation of SecureRandom instance for session ID generation using [SHA1PRNG] took [265] milliseconds.
11-Jan-2026 10:25:20.198 INFO [main] org.apache.catalina.startup.HostConfig.deployDirectory Deployment of web application directory [C:\Users\HP\Desktop\kopicatz\apache-tomcat-9.0.113\webapps\backend] has finished in [867] ms
11-Jan-2026 10:25:20.200 INFO [main] org.apache.catalina.startup.HostConfig.deployDirectory Deploying web application directory [C:\Users\HP\Desktop\kopicatz\apache-tomcat-9.0.113\webapps\docs]
11-Jan-2026 10:25:20.277 INFO [main] org.apache.catalina.startup.HostConfig.deployDirectory Deployment of web application directory [C:\Users\HP\Desktop\kopicatz\apache-tomcat-9.0.113\webapps\docs] has finished in [77] ms
11-Jan-2026 10:25:20.277 INFO [main] org.apache.catalina.startup.HostConfig.deployDirectory Deploying web application directory [C:\Users\HP\Desktop\kopicatz\apache-tomcat-9.0.113\webapps\examples]
11-Jan-2026 10:25:21.161 INFO [main] org.apache.catalina.startup.HostConfig.deployDirectory Deployment of web application directory [C:\Users\HP\Desktop\kopicatz\apache-tomcat-9.0.113\webapps\examples] has finished in [884] ms
11-Jan-2026 10:25:21.162 INFO [main] org.apache.catalina.startup.HostConfig.deployDirectory Deploying web application directory [C:\Users\HP\Desktop\kopicatz\apache-tomcat-9.0.113\webapps\host-manager]
11-Jan-2026 10:25:21.263 INFO [main] org.apache.catalina.startup.HostConfig.deployDirectory Deployment of web application directory [C:\Users\HP\Desktop\kopicatz\apache-tomcat-9.0.113\webapps\host-manager] has finished in [101] ms
11-Jan-2026 10:25:21.264 INFO [main] org.apache.catalina.startup.HostConfig.deployDirectory Deploying web application directory [C:\Users\HP\Desktop\kopicatz\apache-tomcat-9.0.113\webapps\manager]
11-Jan-2026 10:25:21.417 INFO [main] org.apache.catalina.startup.HostConfig.deployDirectory Deployment of web application directory [C:\Users\HP\Desktop\kopicatz\apache-tomcat-9.0.113\webapps\manager] has finished in [154] ms
11-Jan-2026 10:25:21.418 INFO [main] org.apache.catalina.startup.HostConfig.deployDirectory Deploying web application directory [C:\Users\HP\Desktop\kopicatz\apache-tomcat-9.0.113\webapps\ROOT]
11-Jan-2026 10:25:21.517 INFO [main] org.apache.catalina.startup.HostConfig.deployDirectory Deployment of web application directory [C:\Users\HP\Desktop\kopicatz\apache-tomcat-9.0.113\webapps\ROOT] has finished in [100] ms
11-Jan-2026 10:25:21.533 INFO [main] org.apache.coyote.AbstractProtocol.start Starting ProtocolHandler ["http-nio-8080"]
11-Jan-2026 10:25:21.861 INFO [main] org.apache.catalina.startup.Catalina.start Server startup in [2688] milliseconds
11-Jan-2026 10:36:01.817 INFO [main] org.apache.catalina.core.StandardServer.await A valid shutdown command was received via the shutdown port. Stopping the Server instance.
11-Jan-2026 10:36:01.819 INFO [main] org.apache.coyote.AbstractProtocol.pause Pausing ProtocolHandler ["http-nio-8080"]
11-Jan-2026 10:36:02.386 INFO [main] org.apache.catalina.core.StandardService.stopInternal Stopping service [Catalina]
11-Jan-2026 10:36:02.462 INFO [main] org.apache.coyote.AbstractProtocol.stop Stopping ProtocolHandler ["http-nio-8080"]
11-Jan-2026 10:36:02.481 INFO [main] org.apache.coyote.AbstractProtocol.destroy Destroying ProtocolHandler ["http-nio-8080"]
11-Jan-2026 10:36:03.597 INFO [main] org.apache.catalina.startup.VersionLoggerListener.log Server version name:   Apache Tomcat/9.0.113
11-Jan-2026 10:36:03.606 INFO [main] org.apache.catalina.startup.VersionLoggerListener.log Server built:          Dec 2 2025 19:51:24 UTC
11-Jan-2026 10:36:03.606 INFO [main] org.apache.catalina.startup.VersionLoggerListener.log Server version number: 9.0.113.0
11-Jan-2026 10:36:03.606 INFO [main] org.apache.catalina.startup.VersionLoggerListener.log OS Name:               Windows 10
11-Jan-2026 10:36:03.606 INFO [main] org.apache.catalina.startup.VersionLoggerListener.log OS Version:            10.0
11-Jan-2026 10:36:03.606 INFO [main] org.apache.catalina.startup.VersionLoggerListener.log Architecture:          amd64
11-Jan-2026 10:36:03.606 INFO [main] org.apache.catalina.startup.VersionLoggerListener.log Java Home:             C:\Program Files\Eclipse Adoptium\jdk-11.0.29.7-hotspot
11-Jan-2026 10:36:03.606 INFO [main] org.apache.catalina.startup.VersionLoggerListener.log JVM Version:           11.0.29+7
11-Jan-2026 10:36:03.606 INFO [main] org.apache.catalina.startup.VersionLoggerListener.log JVM Vendor:            Eclipse Adoptium
11-Jan-2026 10:36:03.606 INFO [main] org.apache.catalina.startup.VersionLoggerListener.log CATALINA_BASE:         C:\Users\HP\Desktop\kopicatz\apache-tomcat-9.0.113
11-Jan-2026 10:36:03.606 INFO [main] org.apache.catalina.startup.VersionLoggerListener.log CATALINA_HOME:         C:\Users\HP\Desktop\kopicatz\apache-tomcat-9.0.113
11-Jan-2026 10:36:03.680 INFO [main] org.apache.catalina.startup.VersionLoggerListener.log Command line argument: -Djava.util.logging.config.file=c:\Users\HP\Desktop\kopicatz\apache-tomcat-9.0.113/conf/logging.properties
11-Jan-2026 10:36:03.681 INFO [main] org.apache.catalina.startup.VersionLoggerListener.log Command line argument: -Djava.util.logging.manager=org.apache.juli.ClassLoaderLogManager
11-Jan-2026 10:36:03.681 INFO [main] org.apache.catalina.startup.VersionLoggerListener.log Command line argument: -Djdk.tls.ephemeralDHKeySize=2048
11-Jan-2026 10:36:03.681 INFO [main] org.apache.catalina.startup.VersionLoggerListener.log Command line argument: -Djava.protocol.handler.pkgs=org.apache.catalina.webresources
11-Jan-2026 10:36:03.681 INFO [main] org.apache.catalina.startup.VersionLoggerListener.log Command line argument: -Dorg.apache.catalina.security.SecurityListener.UMASK=0027
11-Jan-2026 10:36:03.681 INFO [main] org.apache.catalina.startup.VersionLoggerListener.log Command line argument: -Dcatalina.base=c:\Users\HP\Desktop\kopicatz\apache-tomcat-9.0.113
11-Jan-2026 10:36:03.682 INFO [main] org.apache.catalina.startup.VersionLoggerListener.log Command line argument: -Dcatalina.home=c:\Users\HP\Desktop\kopicatz\apache-tomcat-9.0.113
11-Jan-2026 10:36:03.682 INFO [main] org.apache.catalina.startup.VersionLoggerListener.log Command line argument: -Djava.io.tmpdir=c:\Users\HP\Desktop\kopicatz\apache-tomcat-9.0.113/temp
11-Jan-2026 10:36:03.691 INFO [main] org.apache.catalina.core.AprLifecycleListener.lifecycleEvent Loaded Apache Tomcat Native library [1.3.1] using APR version [1.7.4].
11-Jan-2026 10:36:03.691 INFO [main] org.apache.catalina.core.AprLifecycleListener.lifecycleEvent APR capabilities: IPv6 [true], sendfile [true], accept filters [false], random [true], UDS [true].
11-Jan-2026 10:36:03.691 INFO [main] org.apache.catalina.core.AprLifecycleListener.lifecycleEvent APR/OpenSSL configuration: useAprConnector [false], useOpenSSL [true]
11-Jan-2026 10:36:03.699 INFO [main] org.apache.catalina.core.AprLifecycleListener.initializeSSL OpenSSL successfully initialized [OpenSSL 3.0.14 4 Jun 2024]
11-Jan-2026 10:36:04.787 INFO [main] org.apache.coyote.AbstractProtocol.init Initializing ProtocolHandler ["http-nio-8080"]
11-Jan-2026 10:36:04.898 INFO [main] org.apache.catalina.startup.Catalina.load Server initialization in [1775] milliseconds
11-Jan-2026 10:36:05.063 INFO [main] org.apache.catalina.core.StandardService.startInternal Starting service [Catalina]
11-Jan-2026 10:36:05.063 INFO [main] org.apache.catalina.core.StandardEngine.startInternal Starting Servlet engine: [Apache Tomcat/9.0.113]
11-Jan-2026 10:36:05.088 INFO [main] org.apache.catalina.startup.HostConfig.deployDirectory Deploying web application directory [C:\Users\HP\Desktop\kopicatz\apache-tomcat-9.0.113\webapps\backend]
11-Jan-2026 10:36:05.198 WARNING [main] org.apache.catalina.webresources.DirResourceSet.initInternal Disabled the global canonical file name cache to protect against CVE-2024-56337 when starting the WebResourceSet at [C:\Users\HP\Desktop\kopicatz\apache-tomcat-9.0.113\webapps\backend] which is part of the web application [/backend]
11-Jan-2026 10:36:05.969 WARNING [main] org.apache.catalina.util.SessionIdGeneratorBase.createSecureRandom Creation of SecureRandom instance for session ID generation using [SHA1PRNG] took [301] milliseconds.
11-Jan-2026 10:36:06.019 INFO [main] org.apache.catalina.startup.HostConfig.deployDirectory Deployment of web application directory [C:\Users\HP\Desktop\kopicatz\apache-tomcat-9.0.113\webapps\backend] has finished in [931] ms
11-Jan-2026 10:36:06.020 INFO [main] org.apache.catalina.startup.HostConfig.deployDirectory Deploying web application directory [C:\Users\HP\Desktop\kopicatz\apache-tomcat-9.0.113\webapps\docs]
11-Jan-2026 10:36:06.141 INFO [main] org.apache.catalina.startup.HostConfig.deployDirectory Deployment of web application directory [C:\Users\HP\Desktop\kopicatz\apache-tomcat-9.0.113\webapps\docs] has finished in [121] ms
11-Jan-2026 10:36:06.143 INFO [main] org.apache.catalina.startup.HostConfig.deployDirectory Deploying web application directory [C:\Users\HP\Desktop\kopicatz\apache-tomcat-9.0.113\webapps\examples]
11-Jan-2026 10:36:07.112 INFO [main] org.apache.catalina.startup.HostConfig.deployDirectory Deployment of web application directory [C:\Users\HP\Desktop\kopicatz\apache-tomcat-9.0.113\webapps\examples] has finished in [969] ms
11-Jan-2026 10:36:07.112 INFO [main] org.apache.catalina.startup.HostConfig.deployDirectory Deploying web application directory [C:\Users\HP\Desktop\kopicatz\apache-tomcat-9.0.113\webapps\host-manager]
11-Jan-2026 10:36:07.196 INFO [main] org.apache.catalina.startup.HostConfig.deployDirectory Deployment of web application directory [C:\Users\HP\Desktop\kopicatz\apache-tomcat-9.0.113\webapps\host-manager] has finished in [84] ms
11-Jan-2026 10:36:07.196 INFO [main] org.apache.catalina.startup.HostConfig.deployDirectory Deploying web application directory [C:\Users\HP\Desktop\kopicatz\apache-tomcat-9.0.113\webapps\manager]
11-Jan-2026 10:36:07.273 INFO [main] org.apache.catalina.startup.HostConfig.deployDirectory Deployment of web application directory [C:\Users\HP\Desktop\kopicatz\apache-tomcat-9.0.113\webapps\manager] has finished in [77] ms
11-Jan-2026 10:36:07.273 INFO [main] org.apache.catalina.startup.HostConfig.deployDirectory Deploying web application directory [C:\Users\HP\Desktop\kopicatz\apache-tomcat-9.0.113\webapps\ROOT]
11-Jan-2026 10:36:07.351 INFO [main] org.apache.catalina.startup.HostConfig.deployDirectory Deployment of web application directory [C:\Users\HP\Desktop\kopicatz\apache-tomcat-9.0.113\webapps\ROOT] has finished in [77] ms
11-Jan-2026 10:36:07.361 INFO [main] org.apache.coyote.AbstractProtocol.start Starting ProtocolHandler ["http-nio-8080"]
11-Jan-2026 10:36:07.684 INFO [main] org.apache.catalina.startup.Catalina.start Server startup in [2785] milliseconds
11-Jan-2026 10:43:34.045 INFO [main] org.apache.catalina.core.StandardServer.await A valid shutdown command was received via the shutdown port. Stopping the Server instance.
11-Jan-2026 10:43:34.045 INFO [main] org.apache.coyote.AbstractProtocol.pause Pausing ProtocolHandler ["http-nio-8080"]
11-Jan-2026 10:43:34.589 INFO [main] org.apache.catalina.core.StandardService.stopInternal Stopping service [Catalina]
11-Jan-2026 10:43:34.650 INFO [main] org.apache.coyote.AbstractProtocol.stop Stopping ProtocolHandler ["http-nio-8080"]
11-Jan-2026 10:43:34.666 INFO [main] org.apache.coyote.AbstractProtocol.destroy Destroying ProtocolHandler ["http-nio-8080"]
11-Jan-2026 10:55:24.792 INFO [main] org.apache.catalina.startup.VersionLoggerListener.log Server version name:   Apache Tomcat/9.0.113
11-Jan-2026 10:55:24.796 INFO [main] org.apache.catalina.startup.VersionLoggerListener.log Server built:          Dec 2 2025 19:51:24 UTC
11-Jan-2026 10:55:24.796 INFO [main] org.apache.catalina.startup.VersionLoggerListener.log Server version number: 9.0.113.0
11-Jan-2026 10:55:24.796 INFO [main] org.apache.catalina.startup.VersionLoggerListener.log OS Name:               Windows 10
11-Jan-2026 10:55:24.796 INFO [main] org.apache.catalina.startup.VersionLoggerListener.log OS Version:            10.0
11-Jan-2026 10:55:24.796 INFO [main] org.apache.catalina.startup.VersionLoggerListener.log Architecture:          amd64
11-Jan-2026 10:55:24.796 INFO [main] org.apache.catalina.startup.VersionLoggerListener.log Java Home:             C:\Program Files\Eclipse Adoptium\jdk-11.0.29.7-hotspot
11-Jan-2026 10:55:24.796 INFO [main] org.apache.catalina.startup.VersionLoggerListener.log JVM Version:           11.0.29+7
11-Jan-2026 10:55:24.796 INFO [main] org.apache.catalina.startup.VersionLoggerListener.log JVM Vendor:            Eclipse Adoptium
11-Jan-2026 10:55:24.796 INFO [main] org.apache.catalina.startup.VersionLoggerListener.log CATALINA_BASE:         C:\Users\HP\Desktop\kopicatz\apache-tomcat-9.0.113
11-Jan-2026 10:55:24.796 INFO [main] org.apache.catalina.startup.VersionLoggerListener.log CATALINA_HOME:         C:\Users\HP\Desktop\kopicatz\apache-tomcat-9.0.113
11-Jan-2026 10:55:24.835 INFO [main] org.apache.catalina.startup.VersionLoggerListener.log Command line argument: -Djava.util.logging.config.file=c:\Users\HP\Desktop\kopicatz\apache-tomcat-9.0.113/conf/logging.properties
11-Jan-2026 10:55:24.835 INFO [main] org.apache.catalina.startup.VersionLoggerListener.log Command line argument: -Djava.util.logging.manager=org.apache.juli.ClassLoaderLogManager
11-Jan-2026 10:55:24.835 INFO [main] org.apache.catalina.startup.VersionLoggerListener.log Command line argument: -Djdk.tls.ephemeralDHKeySize=2048
11-Jan-2026 10:55:24.836 INFO [main] org.apache.catalina.startup.VersionLoggerListener.log Command line argument: -Djava.protocol.handler.pkgs=org.apache.catalina.webresources
11-Jan-2026 10:55:24.836 INFO [main] org.apache.catalina.startup.VersionLoggerListener.log Command line argument: -Dorg.apache.catalina.security.SecurityListener.UMASK=0027
11-Jan-2026 10:55:24.837 INFO [main] org.apache.catalina.startup.VersionLoggerListener.log Command line argument: -Dcatalina.base=c:\Users\HP\Desktop\kopicatz\apache-tomcat-9.0.113
11-Jan-2026 10:55:24.838 INFO [main] org.apache.catalina.startup.VersionLoggerListener.log Command line argument: -Dcatalina.home=c:\Users\HP\Desktop\kopicatz\apache-tomcat-9.0.113
11-Jan-2026 10:55:24.838 INFO [main] org.apache.catalina.startup.VersionLoggerListener.log Command line argument: -Djava.io.tmpdir=c:\Users\HP\Desktop\kopicatz\apache-tomcat-9.0.113/temp
11-Jan-2026 10:55:24.862 INFO [main] org.apache.catalina.core.AprLifecycleListener.lifecycleEvent Loaded Apache Tomcat Native library [1.3.1] using APR version [1.7.4].
11-Jan-2026 10:55:24.862 INFO [main] org.apache.catalina.core.AprLifecycleListener.lifecycleEvent APR capabilities: IPv6 [true], sendfile [true], accept filters [false], random [true], UDS [true].
11-Jan-2026 10:55:24.862 INFO [main] org.apache.catalina.core.AprLifecycleListener.lifecycleEvent APR/OpenSSL configuration: useAprConnector [false], useOpenSSL [true]
11-Jan-2026 10:55:24.881 INFO [main] org.apache.catalina.core.AprLifecycleListener.initializeSSL OpenSSL successfully initialized [OpenSSL 3.0.14 4 Jun 2024]
11-Jan-2026 10:55:25.531 INFO [main] org.apache.coyote.AbstractProtocol.init Initializing ProtocolHandler ["http-nio-8080"]
11-Jan-2026 10:55:25.616 INFO [main] org.apache.catalina.startup.Catalina.load Server initialization in [1269] milliseconds
11-Jan-2026 10:55:25.769 INFO [main] org.apache.catalina.core.StandardService.startInternal Starting service [Catalina]
11-Jan-2026 10:55:25.769 INFO [main] org.apache.catalina.core.StandardEngine.startInternal Starting Servlet engine: [Apache Tomcat/9.0.113]
11-Jan-2026 10:55:25.795 INFO [main] org.apache.catalina.startup.HostConfig.deployDirectory Deploying web application directory [C:\Users\HP\Desktop\kopicatz\apache-tomcat-9.0.113\webapps\backend]
11-Jan-2026 10:55:26.006 WARNING [main] org.apache.catalina.webresources.DirResourceSet.initInternal Disabled the global canonical file name cache to protect against CVE-2024-56337 when starting the WebResourceSet at [C:\Users\HP\Desktop\kopicatz\apache-tomcat-9.0.113\webapps\backend] which is part of the web application [/backend]
11-Jan-2026 10:55:26.948 WARNING [main] org.apache.catalina.util.SessionIdGeneratorBase.createSecureRandom Creation of SecureRandom instance for session ID generation using [SHA1PRNG] took [282] milliseconds.
11-Jan-2026 10:55:26.996 INFO [main] org.apache.catalina.startup.HostConfig.deployDirectory Deployment of web application directory [C:\Users\HP\Desktop\kopicatz\apache-tomcat-9.0.113\webapps\backend] has finished in [1,199] ms
11-Jan-2026 10:55:26.997 INFO [main] org.apache.catalina.startup.HostConfig.deployDirectory Deploying web application directory [C:\Users\HP\Desktop\kopicatz\apache-tomcat-9.0.113\webapps\docs]
11-Jan-2026 10:55:27.113 INFO [main] org.apache.catalina.startup.HostConfig.deployDirectory Deployment of web application directory [C:\Users\HP\Desktop\kopicatz\apache-tomcat-9.0.113\webapps\docs] has finished in [116] ms
11-Jan-2026 10:55:27.113 INFO [main] org.apache.catalina.startup.HostConfig.deployDirectory Deploying web application directory [C:\Users\HP\Desktop\kopicatz\apache-tomcat-9.0.113\webapps\examples]
11-Jan-2026 10:55:28.061 INFO [main] org.apache.catalina.startup.HostConfig.deployDirectory Deployment of web application directory [C:\Users\HP\Desktop\kopicatz\apache-tomcat-9.0.113\webapps\examples] has finished in [948] ms
11-Jan-2026 10:55:28.061 INFO [main] org.apache.catalina.startup.HostConfig.deployDirectory Deploying web application directory [C:\Users\HP\Desktop\kopicatz\apache-tomcat-9.0.113\webapps\host-manager]
11-Jan-2026 10:55:28.142 INFO [main] org.apache.catalina.startup.HostConfig.deployDirectory Deployment of web application directory [C:\Users\HP\Desktop\kopicatz\apache-tomcat-9.0.113\webapps\host-manager] has finished in [81] ms
11-Jan-2026 10:55:28.142 INFO [main] org.apache.catalina.startup.HostConfig.deployDirectory Deploying web application directory [C:\Users\HP\Desktop\kopicatz\apache-tomcat-9.0.113\webapps\manager]
11-Jan-2026 10:55:28.241 INFO [main] org.apache.catalina.startup.HostConfig.deployDirectory Deployment of web application directory [C:\Users\HP\Desktop\kopicatz\apache-tomcat-9.0.113\webapps\manager] has finished in [90] ms
11-Jan-2026 10:55:28.245 INFO [main] org.apache.catalina.startup.HostConfig.deployDirectory Deploying web application directory [C:\Users\HP\Desktop\kopicatz\apache-tomcat-9.0.113\webapps\ROOT]
11-Jan-2026 10:55:28.335 INFO [main] org.apache.catalina.startup.HostConfig.deployDirectory Deployment of web application directory [C:\Users\HP\Desktop\kopicatz\apache-tomcat-9.0.113\webapps\ROOT] has finished in [91] ms
11-Jan-2026 10:55:28.348 INFO [main] org.apache.coyote.AbstractProtocol.start Starting ProtocolHandler ["http-nio-8080"]
11-Jan-2026 10:55:28.636 INFO [main] org.apache.catalina.startup.Catalina.start Server startup in [3019] milliseconds
11-Jan-2026 11:14:34.088 INFO [main] org.apache.catalina.core.StandardServer.await A valid shutdown command was received via the shutdown port. Stopping the Server instance.
11-Jan-2026 11:14:34.088 INFO [main] org.apache.coyote.AbstractProtocol.pause Pausing ProtocolHandler ["http-nio-8080"]
11-Jan-2026 11:14:34.770 INFO [main] org.apache.catalina.core.StandardService.stopInternal Stopping service [Catalina]
11-Jan-2026 11:14:34.839 INFO [main] org.apache.coyote.AbstractProtocol.stop Stopping ProtocolHandler ["http-nio-8080"]
11-Jan-2026 11:14:34.850 INFO [main] org.apache.coyote.AbstractProtocol.destroy Destroying ProtocolHandler ["http-nio-8080"]
11-Jan-2026 13:36:39.125 INFO [main] org.apache.catalina.startup.VersionLoggerListener.log Server version name:   Apache Tomcat/9.0.113
11-Jan-2026 13:36:39.133 INFO [main] org.apache.catalina.startup.VersionLoggerListener.log Server built:          Dec 2 2025 19:51:24 UTC
11-Jan-2026 13:36:39.137 INFO [main] org.apache.catalina.startup.VersionLoggerListener.log Server version number: 9.0.113.0
11-Jan-2026 13:36:39.137 INFO [main] org.apache.catalina.startup.VersionLoggerListener.log OS Name:               Windows 10
11-Jan-2026 13:36:39.137 INFO [main] org.apache.catalina.startup.VersionLoggerListener.log OS Version:            10.0
11-Jan-2026 13:36:39.137 INFO [main] org.apache.catalina.startup.VersionLoggerListener.log Architecture:          amd64
11-Jan-2026 13:36:39.138 INFO [main] org.apache.catalina.startup.VersionLoggerListener.log Java Home:             C:\Program Files\Eclipse Adoptium\jdk-11.0.29.7-hotspot
11-Jan-2026 13:36:39.138 INFO [main] org.apache.catalina.startup.VersionLoggerListener.log JVM Version:           11.0.29+7
11-Jan-2026 13:36:39.138 INFO [main] org.apache.catalina.startup.VersionLoggerListener.log JVM Vendor:            Eclipse Adoptium
11-Jan-2026 13:36:39.138 INFO [main] org.apache.catalina.startup.VersionLoggerListener.log CATALINA_BASE:         C:\Users\HP\Desktop\kopicatz\apache-tomcat-9.0.113
11-Jan-2026 13:36:39.139 INFO [main] org.apache.catalina.startup.VersionLoggerListener.log CATALINA_HOME:         C:\Users\HP\Desktop\kopicatz\apache-tomcat-9.0.113
11-Jan-2026 13:36:39.176 INFO [main] org.apache.catalina.startup.VersionLoggerListener.log Command line argument: -Djava.util.logging.config.file=c:\Users\HP\Desktop\kopicatz\apache-tomcat-9.0.113/conf/logging.properties
11-Jan-2026 13:36:39.176 INFO [main] org.apache.catalina.startup.VersionLoggerListener.log Command line argument: -Djava.util.logging.manager=org.apache.juli.ClassLoaderLogManager
11-Jan-2026 13:36:39.176 INFO [main] org.apache.catalina.startup.VersionLoggerListener.log Command line argument: -Djdk.tls.ephemeralDHKeySize=2048
11-Jan-2026 13:36:39.177 INFO [main] org.apache.catalina.startup.VersionLoggerListener.log Command line argument: -Djava.protocol.handler.pkgs=org.apache.catalina.webresources
11-Jan-2026 13:36:39.177 INFO [main] org.apache.catalina.startup.VersionLoggerListener.log Command line argument: -Dorg.apache.catalina.security.SecurityListener.UMASK=0027
11-Jan-2026 13:36:39.177 INFO [main] org.apache.catalina.startup.VersionLoggerListener.log Command line argument: -Dcatalina.base=c:\Users\HP\Desktop\kopicatz\apache-tomcat-9.0.113
11-Jan-2026 13:36:39.177 INFO [main] org.apache.catalina.startup.VersionLoggerListener.log Command line argument: -Dcatalina.home=c:\Users\HP\Desktop\kopicatz\apache-tomcat-9.0.113
11-Jan-2026 13:36:39.177 INFO [main] org.apache.catalina.startup.VersionLoggerListener.log Command line argument: -Djava.io.tmpdir=c:\Users\HP\Desktop\kopicatz\apache-tomcat-9.0.113/temp
11-Jan-2026 13:36:39.189 INFO [main] org.apache.catalina.core.AprLifecycleListener.lifecycleEvent Loaded Apache Tomcat Native library [1.3.1] using APR version [1.7.4].
11-Jan-2026 13:36:39.190 INFO [main] org.apache.catalina.core.AprLifecycleListener.lifecycleEvent APR capabilities: IPv6 [true], sendfile [true], accept filters [false], random [true], UDS [true].
11-Jan-2026 13:36:39.190 INFO [main] org.apache.catalina.core.AprLifecycleListener.lifecycleEvent APR/OpenSSL configuration: useAprConnector [false], useOpenSSL [true]
11-Jan-2026 13:36:39.210 INFO [main] org.apache.catalina.core.AprLifecycleListener.initializeSSL OpenSSL successfully initialized [OpenSSL 3.0.14 4 Jun 2024]
11-Jan-2026 13:36:40.302 INFO [main] org.apache.coyote.AbstractProtocol.init Initializing ProtocolHandler ["http-nio-8080"]
11-Jan-2026 13:36:40.446 INFO [main] org.apache.catalina.startup.Catalina.load Server initialization in [1947] milliseconds
11-Jan-2026 13:36:40.649 INFO [main] org.apache.catalina.core.StandardService.startInternal Starting service [Catalina]
11-Jan-2026 13:36:40.649 INFO [main] org.apache.catalina.core.StandardEngine.startInternal Starting Servlet engine: [Apache Tomcat/9.0.113]
11-Jan-2026 13:36:40.698 INFO [main] org.apache.catalina.startup.HostConfig.deployDirectory Deploying web application directory [C:\Users\HP\Desktop\kopicatz\apache-tomcat-9.0.113\webapps\backend]
11-Jan-2026 13:36:41.030 WARNING [main] org.apache.catalina.webresources.DirResourceSet.initInternal Disabled the global canonical file name cache to protect against CVE-2024-56337 when starting the WebResourceSet at [C:\Users\HP\Desktop\kopicatz\apache-tomcat-9.0.113\webapps\backend] which is part of the web application [/backend]
11-Jan-2026 13:36:42.402 WARNING [main] org.apache.catalina.util.SessionIdGeneratorBase.createSecureRandom Creation of SecureRandom instance for session ID generation using [SHA1PRNG] took [271] milliseconds.
11-Jan-2026 13:36:42.444 INFO [main] org.apache.catalina.startup.HostConfig.deployDirectory Deployment of web application directory [C:\Users\HP\Desktop\kopicatz\apache-tomcat-9.0.113\webapps\backend] has finished in [1,746] ms
11-Jan-2026 13:36:42.444 INFO [main] org.apache.catalina.startup.HostConfig.deployDirectory Deploying web application directory [C:\Users\HP\Desktop\kopicatz\apache-tomcat-9.0.113\webapps\docs]
11-Jan-2026 13:36:42.536 INFO [main] org.apache.catalina.startup.HostConfig.deployDirectory Deployment of web application directory [C:\Users\HP\Desktop\kopicatz\apache-tomcat-9.0.113\webapps\docs] has finished in [91] ms
11-Jan-2026 13:36:42.536 INFO [main] org.apache.catalina.startup.HostConfig.deployDirectory Deploying web application directory [C:\Users\HP\Desktop\kopicatz\apache-tomcat-9.0.113\webapps\examples]
11-Jan-2026 13:36:43.388 INFO [main] org.apache.catalina.startup.HostConfig.deployDirectory Deployment of web application directory [C:\Users\HP\Desktop\kopicatz\apache-tomcat-9.0.113\webapps\examples] has finished in [852] ms
11-Jan-2026 13:36:43.389 INFO [main] org.apache.catalina.startup.HostConfig.deployDirectory Deploying web application directory [C:\Users\HP\Desktop\kopicatz\apache-tomcat-9.0.113\webapps\host-manager]
11-Jan-2026 13:36:43.486 INFO [main] org.apache.catalina.startup.HostConfig.deployDirectory Deployment of web application directory [C:\Users\HP\Desktop\kopicatz\apache-tomcat-9.0.113\webapps\host-manager] has finished in [98] ms
11-Jan-2026 13:36:43.486 INFO [main] org.apache.catalina.startup.HostConfig.deployDirectory Deploying web application directory [C:\Users\HP\Desktop\kopicatz\apache-tomcat-9.0.113\webapps\manager]
11-Jan-2026 13:36:43.605 INFO [main] org.apache.catalina.startup.HostConfig.deployDirectory Deployment of web application directory [C:\Users\HP\Desktop\kopicatz\apache-tomcat-9.0.113\webapps\manager] has finished in [119] ms
11-Jan-2026 13:36:43.605 INFO [main] org.apache.catalina.startup.HostConfig.deployDirectory Deploying web application directory [C:\Users\HP\Desktop\kopicatz\apache-tomcat-9.0.113\webapps\ROOT]
11-Jan-2026 13:36:43.691 INFO [main] org.apache.catalina.startup.HostConfig.deployDirectory Deployment of web application directory [C:\Users\HP\Desktop\kopicatz\apache-tomcat-9.0.113\webapps\ROOT] has finished in [84] ms
11-Jan-2026 13:36:43.708 INFO [main] org.apache.coyote.AbstractProtocol.start Starting ProtocolHandler ["http-nio-8080"]
11-Jan-2026 13:36:44.008 INFO [main] org.apache.catalina.startup.Catalina.start Server startup in [3557] milliseconds
11-Jan-2026 13:40:04.836 INFO [Catalina-utility-1] org.apache.catalina.startup.HostConfig.undeploy Undeploying context [/backend]
11-Jan-2026 13:46:05.754 INFO [Catalina-utility-2] org.apache.catalina.startup.HostConfig.deployDirectory Deploying web application directory [C:\Users\HP\Desktop\kopicatz\apache-tomcat-9.0.113\webapps\backend]
11-Jan-2026 13:46:05.996 INFO [Catalina-utility-2] org.apache.catalina.startup.HostConfig.deployDirectory Deployment of web application directory [C:\Users\HP\Desktop\kopicatz\apache-tomcat-9.0.113\webapps\backend] has finished in [242] ms
11-Jan-2026 13:47:03.949 INFO [main] org.apache.catalina.core.StandardServer.await A valid shutdown command was received via the shutdown port. Stopping the Server instance.
11-Jan-2026 13:47:03.950 INFO [main] org.apache.coyote.AbstractProtocol.pause Pausing ProtocolHandler ["http-nio-8080"]
11-Jan-2026 13:47:04.730 INFO [main] org.apache.catalina.core.StandardService.stopInternal Stopping service [Catalina]
11-Jan-2026 13:47:04.780 INFO [main] org.apache.coyote.AbstractProtocol.stop Stopping ProtocolHandler ["http-nio-8080"]
11-Jan-2026 13:47:04.793 INFO [main] org.apache.coyote.AbstractProtocol.destroy Destroying ProtocolHandler ["http-nio-8080"]
11-Jan-2026 13:47:06.529 INFO [main] org.apache.catalina.startup.VersionLoggerListener.log Server version name:   Apache Tomcat/9.0.113
11-Jan-2026 13:47:06.591 INFO [main] org.apache.catalina.startup.VersionLoggerListener.log Server built:          Dec 2 2025 19:51:24 UTC
11-Jan-2026 13:47:06.591 INFO [main] org.apache.catalina.startup.VersionLoggerListener.log Server version number: 9.0.113.0
11-Jan-2026 13:47:06.591 INFO [main] org.apache.catalina.startup.VersionLoggerListener.log OS Name:               Windows 10
11-Jan-2026 13:47:06.591 INFO [main] org.apache.catalina.startup.VersionLoggerListener.log OS Version:            10.0
11-Jan-2026 13:47:06.591 INFO [main] org.apache.catalina.startup.VersionLoggerListener.log Architecture:          amd64
11-Jan-2026 13:47:06.591 INFO [main] org.apache.catalina.startup.VersionLoggerListener.log Java Home:             C:\Program Files\Eclipse Adoptium\jdk-11.0.29.7-hotspot
11-Jan-2026 13:47:06.595 INFO [main] org.apache.catalina.startup.VersionLoggerListener.log JVM Version:           11.0.29+7
11-Jan-2026 13:47:06.595 INFO [main] org.apache.catalina.startup.VersionLoggerListener.log JVM Vendor:            Eclipse Adoptium
11-Jan-2026 13:47:06.595 INFO [main] org.apache.catalina.startup.VersionLoggerListener.log CATALINA_BASE:         C:\Users\HP\Desktop\kopicatz\apache-tomcat-9.0.113
11-Jan-2026 13:47:06.595 INFO [main] org.apache.catalina.startup.VersionLoggerListener.log CATALINA_HOME:         C:\Users\HP\Desktop\kopicatz\apache-tomcat-9.0.113
11-Jan-2026 13:47:06.625 INFO [main] org.apache.catalina.startup.VersionLoggerListener.log Command line argument: -Djava.util.logging.config.file=c:\Users\HP\Desktop\kopicatz\apache-tomcat-9.0.113/conf/logging.properties
11-Jan-2026 13:47:06.625 INFO [main] org.apache.catalina.startup.VersionLoggerListener.log Command line argument: -Djava.util.logging.manager=org.apache.juli.ClassLoaderLogManager
11-Jan-2026 13:47:06.625 INFO [main] org.apache.catalina.startup.VersionLoggerListener.log Command line argument: -Djdk.tls.ephemeralDHKeySize=2048
11-Jan-2026 13:47:06.625 INFO [main] org.apache.catalina.startup.VersionLoggerListener.log Command line argument: -Djava.protocol.handler.pkgs=org.apache.catalina.webresources
11-Jan-2026 13:47:06.625 INFO [main] org.apache.catalina.startup.VersionLoggerListener.log Command line argument: -Dorg.apache.catalina.security.SecurityListener.UMASK=0027
11-Jan-2026 13:47:06.625 INFO [main] org.apache.catalina.startup.VersionLoggerListener.log Command line argument: -Dcatalina.base=c:\Users\HP\Desktop\kopicatz\apache-tomcat-9.0.113
11-Jan-2026 13:47:06.625 INFO [main] org.apache.catalina.startup.VersionLoggerListener.log Command line argument: -Dcatalina.home=c:\Users\HP\Desktop\kopicatz\apache-tomcat-9.0.113
11-Jan-2026 13:47:06.625 INFO [main] org.apache.catalina.startup.VersionLoggerListener.log Command line argument: -Djava.io.tmpdir=c:\Users\HP\Desktop\kopicatz\apache-tomcat-9.0.113/temp
11-Jan-2026 13:47:06.638 INFO [main] org.apache.catalina.core.AprLifecycleListener.lifecycleEvent Loaded Apache Tomcat Native library [1.3.1] using APR version [1.7.4].
11-Jan-2026 13:47:06.638 INFO [main] org.apache.catalina.core.AprLifecycleListener.lifecycleEvent APR capabilities: IPv6 [true], sendfile [true], accept filters [false], random [true], UDS [true].
11-Jan-2026 13:47:06.638 INFO [main] org.apache.catalina.core.AprLifecycleListener.lifecycleEvent APR/OpenSSL configuration: useAprConnector [false], useOpenSSL [true]
11-Jan-2026 13:47:06.662 INFO [main] org.apache.catalina.core.AprLifecycleListener.initializeSSL OpenSSL successfully initialized [OpenSSL 3.0.14 4 Jun 2024]
11-Jan-2026 13:47:08.322 INFO [main] org.apache.coyote.AbstractProtocol.init Initializing ProtocolHandler ["http-nio-8080"]
11-Jan-2026 13:47:08.461 INFO [main] org.apache.catalina.startup.Catalina.load Server initialization in [2605] milliseconds
11-Jan-2026 13:47:08.649 INFO [main] org.apache.catalina.core.StandardService.startInternal Starting service [Catalina]
11-Jan-2026 13:47:08.651 INFO [main] org.apache.catalina.core.StandardEngine.startInternal Starting Servlet engine: [Apache Tomcat/9.0.113]
11-Jan-2026 13:47:08.669 INFO [main] org.apache.catalina.startup.HostConfig.deployDirectory Deploying web application directory [C:\Users\HP\Desktop\kopicatz\apache-tomcat-9.0.113\webapps\backend]
11-Jan-2026 13:47:08.795 WARNING [main] org.apache.catalina.webresources.DirResourceSet.initInternal Disabled the global canonical file name cache to protect against CVE-2024-56337 when starting the WebResourceSet at [C:\Users\HP\Desktop\kopicatz\apache-tomcat-9.0.113\webapps\backend] which is part of the web application [/backend]
11-Jan-2026 13:47:10.068 WARNING [main] org.apache.catalina.util.SessionIdGeneratorBase.createSecureRandom Creation of SecureRandom instance for session ID generation using [SHA1PRNG] took [305] milliseconds.
11-Jan-2026 13:47:10.128 INFO [main] org.apache.catalina.startup.HostConfig.deployDirectory Deployment of web application directory [C:\Users\HP\Desktop\kopicatz\apache-tomcat-9.0.113\webapps\backend] has finished in [1,455] ms
11-Jan-2026 13:47:10.128 INFO [main] org.apache.catalina.startup.HostConfig.deployDirectory Deploying web application directory [C:\Users\HP\Desktop\kopicatz\apache-tomcat-9.0.113\webapps\docs]
11-Jan-2026 13:47:10.300 INFO [main] org.apache.catalina.startup.HostConfig.deployDirectory Deployment of web application directory [C:\Users\HP\Desktop\kopicatz\apache-tomcat-9.0.113\webapps\docs] has finished in [172] ms
11-Jan-2026 13:47:10.300 INFO [main] org.apache.catalina.startup.HostConfig.deployDirectory Deploying web application directory [C:\Users\HP\Desktop\kopicatz\apache-tomcat-9.0.113\webapps\examples]
11-Jan-2026 13:47:11.627 INFO [main] org.apache.catalina.startup.HostConfig.deployDirectory Deployment of web application directory [C:\Users\HP\Desktop\kopicatz\apache-tomcat-9.0.113\webapps\examples] has finished in [1,327] ms
11-Jan-2026 13:47:11.633 INFO [main] org.apache.catalina.startup.HostConfig.deployDirectory Deploying web application directory [C:\Users\HP\Desktop\kopicatz\apache-tomcat-9.0.113\webapps\host-manager]
11-Jan-2026 13:47:11.849 INFO [main] org.apache.catalina.startup.HostConfig.deployDirectory Deployment of web application directory [C:\Users\HP\Desktop\kopicatz\apache-tomcat-9.0.113\webapps\host-manager] has finished in [216] ms
11-Jan-2026 13:47:11.850 INFO [main] org.apache.catalina.startup.HostConfig.deployDirectory Deploying web application directory [C:\Users\HP\Desktop\kopicatz\apache-tomcat-9.0.113\webapps\manager]
11-Jan-2026 13:47:12.002 INFO [main] org.apache.catalina.startup.HostConfig.deployDirectory Deployment of web application directory [C:\Users\HP\Desktop\kopicatz\apache-tomcat-9.0.113\webapps\manager] has finished in [152] ms
11-Jan-2026 13:47:12.002 INFO [main] org.apache.catalina.startup.HostConfig.deployDirectory Deploying web application directory [C:\Users\HP\Desktop\kopicatz\apache-tomcat-9.0.113\webapps\ROOT]
11-Jan-2026 13:47:12.107 INFO [main] org.apache.catalina.startup.HostConfig.deployDirectory Deployment of web application directory [C:\Users\HP\Desktop\kopicatz\apache-tomcat-9.0.113\webapps\ROOT] has finished in [105] ms
11-Jan-2026 13:47:12.123 INFO [main] org.apache.coyote.AbstractProtocol.start Starting ProtocolHandler ["http-nio-8080"]
11-Jan-2026 13:47:12.529 INFO [main] org.apache.catalina.startup.Catalina.start Server startup in [4068] milliseconds
11-Jan-2026 15:26:09.710 INFO [main] org.apache.catalina.core.StandardServer.await A valid shutdown command was received via the shutdown port. Stopping the Server instance.
11-Jan-2026 15:26:09.711 INFO [main] org.apache.coyote.AbstractProtocol.pause Pausing ProtocolHandler ["http-nio-8080"]
11-Jan-2026 15:26:10.844 INFO [main] org.apache.catalina.core.StandardService.stopInternal Stopping service [Catalina]
11-Jan-2026 15:26:10.923 INFO [main] org.apache.coyote.AbstractProtocol.stop Stopping ProtocolHandler ["http-nio-8080"]
11-Jan-2026 15:26:10.938 INFO [main] org.apache.coyote.AbstractProtocol.destroy Destroying ProtocolHandler ["http-nio-8080"]
11-Jan-2026 15:32:30.555 SEVERE [main] org.apache.catalina.startup.Catalina.stopServer Could not contact [localhost:8005] (base port [8005] and offset [0]). Tomcat may not be running.
11-Jan-2026 15:32:30.564 SEVERE [main] org.apache.catalina.startup.Catalina.stopServer Error stopping Catalina
	java.net.ConnectException: Connection refused: connect
		at java.base/java.net.PlainSocketImpl.connect0(Native Method)
		at java.base/java.net.PlainSocketImpl.socketConnect(PlainSocketImpl.java:101)
		at java.base/java.net.AbstractPlainSocketImpl.doConnect(AbstractPlainSocketImpl.java:412)
		at java.base/java.net.AbstractPlainSocketImpl.connectToAddress(AbstractPlainSocketImpl.java:255)
		at java.base/java.net.AbstractPlainSocketImpl.connect(AbstractPlainSocketImpl.java:237)
		at java.base/java.net.SocksSocketImpl.connect(SocksSocketImpl.java:392)
		at java.base/java.net.Socket.connect(Socket.java:609)
		at java.base/java.net.Socket.connect(Socket.java:558)
		at java.base/java.net.Socket.<init>(Socket.java:454)
		at java.base/java.net.Socket.<init>(Socket.java:231)
		at org.apache.catalina.startup.Catalina.stopServer(Catalina.java:630)
		at java.base/jdk.internal.reflect.NativeMethodAccessorImpl.invoke0(Native Method)
		at java.base/jdk.internal.reflect.NativeMethodAccessorImpl.invoke(NativeMethodAccessorImpl.java:62)
		at java.base/jdk.internal.reflect.DelegatingMethodAccessorImpl.invoke(DelegatingMethodAccessorImpl.java:43)
		at java.base/java.lang.reflect.Method.invoke(Method.java:566)
		at org.apache.catalina.startup.Bootstrap.stopServer(Bootstrap.java:390)
		at org.apache.catalina.startup.Bootstrap.main(Bootstrap.java:479)
11-Jan-2026 15:32:34.071 INFO [main] org.apache.catalina.startup.VersionLoggerListener.log Server version name:   Apache Tomcat/9.0.113
11-Jan-2026 15:32:34.078 INFO [main] org.apache.catalina.startup.VersionLoggerListener.log Server built:          Dec 2 2025 19:51:24 UTC
11-Jan-2026 15:32:34.080 INFO [main] org.apache.catalina.startup.VersionLoggerListener.log Server version number: 9.0.113.0
11-Jan-2026 15:32:34.080 INFO [main] org.apache.catalina.startup.VersionLoggerListener.log OS Name:               Windows 10
11-Jan-2026 15:32:34.080 INFO [main] org.apache.catalina.startup.VersionLoggerListener.log OS Version:            10.0
11-Jan-2026 15:32:34.081 INFO [main] org.apache.catalina.startup.VersionLoggerListener.log Architecture:          amd64
11-Jan-2026 15:32:34.082 INFO [main] org.apache.catalina.startup.VersionLoggerListener.log Java Home:             C:\Program Files\Eclipse Adoptium\jdk-11.0.29.7-hotspot
11-Jan-2026 15:32:34.082 INFO [main] org.apache.catalina.startup.VersionLoggerListener.log JVM Version:           11.0.29+7
11-Jan-2026 15:32:34.083 INFO [main] org.apache.catalina.startup.VersionLoggerListener.log JVM Vendor:            Eclipse Adoptium
11-Jan-2026 15:32:34.083 INFO [main] org.apache.catalina.startup.VersionLoggerListener.log CATALINA_BASE:         C:\Users\HP\Desktop\kopicatz\apache-tomcat-9.0.113
11-Jan-2026 15:32:34.083 INFO [main] org.apache.catalina.startup.VersionLoggerListener.log CATALINA_HOME:         C:\Users\HP\Desktop\kopicatz\apache-tomcat-9.0.113
11-Jan-2026 15:32:34.106 INFO [main] org.apache.catalina.startup.VersionLoggerListener.log Command line argument: --add-opens=java.base/java.lang=ALL-UNNAMED
11-Jan-2026 15:32:34.107 INFO [main] org.apache.catalina.startup.VersionLoggerListener.log Command line argument: --add-opens=java.base/java.lang.invoke=ALL-UNNAMED
11-Jan-2026 15:32:34.108 INFO [main] org.apache.catalina.startup.VersionLoggerListener.log Command line argument: --add-opens=java.base/java.lang.reflect=ALL-UNNAMED
11-Jan-2026 15:32:34.109 INFO [main] org.apache.catalina.startup.VersionLoggerListener.log Command line argument: --add-opens=java.base/java.io=ALL-UNNAMED
11-Jan-2026 15:32:34.109 INFO [main] org.apache.catalina.startup.VersionLoggerListener.log Command line argument: --add-opens=java.base/java.util=ALL-UNNAMED
11-Jan-2026 15:32:34.114 INFO [main] org.apache.catalina.startup.VersionLoggerListener.log Command line argument: --add-opens=java.base/java.util.concurrent=ALL-UNNAMED
11-Jan-2026 15:32:34.115 INFO [main] org.apache.catalina.startup.VersionLoggerListener.log Command line argument: --add-opens=java.rmi/sun.rmi.transport=ALL-UNNAMED
11-Jan-2026 15:32:34.118 INFO [main] org.apache.catalina.startup.VersionLoggerListener.log Command line argument: -Djava.util.logging.config.file=C:\Users\HP\Desktop\kopicatz\apache-tomcat-9.0.113\conf\logging.properties
11-Jan-2026 15:32:34.120 INFO [main] org.apache.catalina.startup.VersionLoggerListener.log Command line argument: -Djava.util.logging.manager=org.apache.juli.ClassLoaderLogManager
11-Jan-2026 15:32:34.121 INFO [main] org.apache.catalina.startup.VersionLoggerListener.log Command line argument: -Djdk.tls.ephemeralDHKeySize=2048
11-Jan-2026 15:32:34.122 INFO [main] org.apache.catalina.startup.VersionLoggerListener.log Command line argument: -Djava.protocol.handler.pkgs=org.apache.catalina.webresources
11-Jan-2026 15:32:34.122 INFO [main] org.apache.catalina.startup.VersionLoggerListener.log Command line argument: -Dsun.io.useCanonCaches=false
11-Jan-2026 15:32:34.123 INFO [main] org.apache.catalina.startup.VersionLoggerListener.log Command line argument: -Dignore.endorsed.dirs=
11-Jan-2026 15:32:34.124 INFO [main] org.apache.catalina.startup.VersionLoggerListener.log Command line argument: -Dcatalina.base=C:\Users\HP\Desktop\kopicatz\apache-tomcat-9.0.113
11-Jan-2026 15:32:34.125 INFO [main] org.apache.catalina.startup.VersionLoggerListener.log Command line argument: -Dcatalina.home=C:\Users\HP\Desktop\kopicatz\apache-tomcat-9.0.113
11-Jan-2026 15:32:34.126 INFO [main] org.apache.catalina.startup.VersionLoggerListener.log Command line argument: -Djava.io.tmpdir=C:\Users\HP\Desktop\kopicatz\apache-tomcat-9.0.113\temp
11-Jan-2026 15:32:34.134 INFO [main] org.apache.catalina.core.AprLifecycleListener.lifecycleEvent Loaded Apache Tomcat Native library [1.3.1] using APR version [1.7.4].
11-Jan-2026 15:32:34.135 INFO [main] org.apache.catalina.core.AprLifecycleListener.lifecycleEvent APR capabilities: IPv6 [true], sendfile [true], accept filters [false], random [true], UDS [true].
11-Jan-2026 15:32:34.136 INFO [main] org.apache.catalina.core.AprLifecycleListener.lifecycleEvent APR/OpenSSL configuration: useAprConnector [false], useOpenSSL [true]
11-Jan-2026 15:32:34.149 INFO [main] org.apache.catalina.core.AprLifecycleListener.initializeSSL OpenSSL successfully initialized [OpenSSL 3.0.14 4 Jun 2024]
11-Jan-2026 15:32:34.984 INFO [main] org.apache.coyote.AbstractProtocol.init Initializing ProtocolHandler ["http-nio-8080"]
11-Jan-2026 15:32:35.041 INFO [main] org.apache.catalina.startup.Catalina.load Server initialization in [1355] milliseconds
11-Jan-2026 15:32:35.171 INFO [main] org.apache.catalina.core.StandardService.startInternal Starting service [Catalina]
11-Jan-2026 15:32:35.171 INFO [main] org.apache.catalina.core.StandardEngine.startInternal Starting Servlet engine: [Apache Tomcat/9.0.113]
11-Jan-2026 15:32:35.200 INFO [main] org.apache.catalina.startup.HostConfig.deployDirectory Deploying web application directory [C:\Users\HP\Desktop\kopicatz\apache-tomcat-9.0.113\webapps\backend]
11-Jan-2026 15:32:36.235 WARNING [main] org.apache.catalina.util.SessionIdGeneratorBase.createSecureRandom Creation of SecureRandom instance for session ID generation using [SHA1PRNG] took [300] milliseconds.
11-Jan-2026 15:32:36.270 INFO [main] org.apache.catalina.startup.HostConfig.deployDirectory Deployment of web application directory [C:\Users\HP\Desktop\kopicatz\apache-tomcat-9.0.113\webapps\backend] has finished in [1,070] ms
11-Jan-2026 15:32:36.272 INFO [main] org.apache.catalina.startup.HostConfig.deployDirectory Deploying web application directory [C:\Users\HP\Desktop\kopicatz\apache-tomcat-9.0.113\webapps\docs]
11-Jan-2026 15:32:36.343 INFO [main] org.apache.catalina.startup.HostConfig.deployDirectory Deployment of web application directory [C:\Users\HP\Desktop\kopicatz\apache-tomcat-9.0.113\webapps\docs] has finished in [71] ms
11-Jan-2026 15:32:36.346 INFO [main] org.apache.catalina.startup.HostConfig.deployDirectory Deploying web application directory [C:\Users\HP\Desktop\kopicatz\apache-tomcat-9.0.113\webapps\examples]
11-Jan-2026 15:32:37.306 INFO [main] org.apache.catalina.startup.HostConfig.deployDirectory Deployment of web application directory [C:\Users\HP\Desktop\kopicatz\apache-tomcat-9.0.113\webapps\examples] has finished in [960] ms
11-Jan-2026 15:32:37.309 INFO [main] org.apache.catalina.startup.HostConfig.deployDirectory Deploying web application directory [C:\Users\HP\Desktop\kopicatz\apache-tomcat-9.0.113\webapps\host-manager]
11-Jan-2026 15:32:37.381 INFO [main] org.apache.catalina.startup.HostConfig.deployDirectory Deployment of web application directory [C:\Users\HP\Desktop\kopicatz\apache-tomcat-9.0.113\webapps\host-manager] has finished in [72] ms
11-Jan-2026 15:32:37.381 INFO [main] org.apache.catalina.startup.HostConfig.deployDirectory Deploying web application directory [C:\Users\HP\Desktop\kopicatz\apache-tomcat-9.0.113\webapps\manager]
11-Jan-2026 15:32:37.463 INFO [main] org.apache.catalina.startup.HostConfig.deployDirectory Deployment of web application directory [C:\Users\HP\Desktop\kopicatz\apache-tomcat-9.0.113\webapps\manager] has finished in [82] ms
11-Jan-2026 15:32:37.466 INFO [main] org.apache.catalina.startup.HostConfig.deployDirectory Deploying web application directory [C:\Users\HP\Desktop\kopicatz\apache-tomcat-9.0.113\webapps\ROOT]
11-Jan-2026 15:32:37.525 INFO [main] org.apache.catalina.startup.HostConfig.deployDirectory Deployment of web application directory [C:\Users\HP\Desktop\kopicatz\apache-tomcat-9.0.113\webapps\ROOT] has finished in [57] ms
11-Jan-2026 15:32:37.537 INFO [main] org.apache.coyote.AbstractProtocol.start Starting ProtocolHandler ["http-nio-8080"]
11-Jan-2026 15:32:37.825 INFO [main] org.apache.catalina.startup.Catalina.start Server startup in [2782] milliseconds
11-Jan-2026 16:00:51.395 INFO [main] org.apache.catalina.core.StandardServer.await A valid shutdown command was received via the shutdown port. Stopping the Server instance.
11-Jan-2026 16:00:51.397 INFO [main] org.apache.coyote.AbstractProtocol.pause Pausing ProtocolHandler ["http-nio-8080"]
11-Jan-2026 16:00:52.143 INFO [main] org.apache.catalina.core.StandardService.stopInternal Stopping service [Catalina]
11-Jan-2026 16:00:52.205 INFO [main] org.apache.coyote.AbstractProtocol.stop Stopping ProtocolHandler ["http-nio-8080"]
11-Jan-2026 16:00:52.234 INFO [main] org.apache.coyote.AbstractProtocol.destroy Destroying ProtocolHandler ["http-nio-8080"]
11-Jan-2026 16:00:55.160 INFO [main] org.apache.catalina.startup.VersionLoggerListener.log Server version name:   Apache Tomcat/9.0.113
11-Jan-2026 16:00:55.168 INFO [main] org.apache.catalina.startup.VersionLoggerListener.log Server built:          Dec 2 2025 19:51:24 UTC
11-Jan-2026 16:00:55.169 INFO [main] org.apache.catalina.startup.VersionLoggerListener.log Server version number: 9.0.113.0
11-Jan-2026 16:00:55.169 INFO [main] org.apache.catalina.startup.VersionLoggerListener.log OS Name:               Windows 10
11-Jan-2026 16:00:55.170 INFO [main] org.apache.catalina.startup.VersionLoggerListener.log OS Version:            10.0
11-Jan-2026 16:00:55.170 INFO [main] org.apache.catalina.startup.VersionLoggerListener.log Architecture:          amd64
11-Jan-2026 16:00:55.170 INFO [main] org.apache.catalina.startup.VersionLoggerListener.log Java Home:             C:\Program Files\Eclipse Adoptium\jdk-11.0.29.7-hotspot
11-Jan-2026 16:00:55.171 INFO [main] org.apache.catalina.startup.VersionLoggerListener.log JVM Version:           11.0.29+7
11-Jan-2026 16:00:55.171 INFO [main] org.apache.catalina.startup.VersionLoggerListener.log JVM Vendor:            Eclipse Adoptium
11-Jan-2026 16:00:55.171 INFO [main] org.apache.catalina.startup.VersionLoggerListener.log CATALINA_BASE:         C:\Users\HP\Desktop\kopicatz\apache-tomcat-9.0.113
11-Jan-2026 16:00:55.172 INFO [main] org.apache.catalina.startup.VersionLoggerListener.log CATALINA_HOME:         C:\Users\HP\Desktop\kopicatz\apache-tomcat-9.0.113
11-Jan-2026 16:00:55.193 INFO [main] org.apache.catalina.startup.VersionLoggerListener.log Command line argument: --add-opens=java.base/java.lang=ALL-UNNAMED
11-Jan-2026 16:00:55.194 INFO [main] org.apache.catalina.startup.VersionLoggerListener.log Command line argument: --add-opens=java.base/java.lang.invoke=ALL-UNNAMED
11-Jan-2026 16:00:55.194 INFO [main] org.apache.catalina.startup.VersionLoggerListener.log Command line argument: --add-opens=java.base/java.lang.reflect=ALL-UNNAMED
11-Jan-2026 16:00:55.194 INFO [main] org.apache.catalina.startup.VersionLoggerListener.log Command line argument: --add-opens=java.base/java.io=ALL-UNNAMED
11-Jan-2026 16:00:55.194 INFO [main] org.apache.catalina.startup.VersionLoggerListener.log Command line argument: --add-opens=java.base/java.util=ALL-UNNAMED
11-Jan-2026 16:00:55.196 INFO [main] org.apache.catalina.startup.VersionLoggerListener.log Command line argument: --add-opens=java.base/java.util.concurrent=ALL-UNNAMED
11-Jan-2026 16:00:55.196 INFO [main] org.apache.catalina.startup.VersionLoggerListener.log Command line argument: --add-opens=java.rmi/sun.rmi.transport=ALL-UNNAMED
11-Jan-2026 16:00:55.196 INFO [main] org.apache.catalina.startup.VersionLoggerListener.log Command line argument: -Djava.util.logging.config.file=C:\Users\HP\Desktop\kopicatz\apache-tomcat-9.0.113\conf\logging.properties
11-Jan-2026 16:00:55.196 INFO [main] org.apache.catalina.startup.VersionLoggerListener.log Command line argument: -Djava.util.logging.manager=org.apache.juli.ClassLoaderLogManager
11-Jan-2026 16:00:55.197 INFO [main] org.apache.catalina.startup.VersionLoggerListener.log Command line argument: -Djdk.tls.ephemeralDHKeySize=2048
11-Jan-2026 16:00:55.198 INFO [main] org.apache.catalina.startup.VersionLoggerListener.log Command line argument: -Djava.protocol.handler.pkgs=org.apache.catalina.webresources
11-Jan-2026 16:00:55.198 INFO [main] org.apache.catalina.startup.VersionLoggerListener.log Command line argument: -Dsun.io.useCanonCaches=false
11-Jan-2026 16:00:55.200 INFO [main] org.apache.catalina.startup.VersionLoggerListener.log Command line argument: -Dignore.endorsed.dirs=
11-Jan-2026 16:00:55.200 INFO [main] org.apache.catalina.startup.VersionLoggerListener.log Command line argument: -Dcatalina.base=C:\Users\HP\Desktop\kopicatz\apache-tomcat-9.0.113
11-Jan-2026 16:00:55.200 INFO [main] org.apache.catalina.startup.VersionLoggerListener.log Command line argument: -Dcatalina.home=C:\Users\HP\Desktop\kopicatz\apache-tomcat-9.0.113
11-Jan-2026 16:00:55.201 INFO [main] org.apache.catalina.startup.VersionLoggerListener.log Command line argument: -Djava.io.tmpdir=C:\Users\HP\Desktop\kopicatz\apache-tomcat-9.0.113\temp
11-Jan-2026 16:00:55.206 INFO [main] org.apache.catalina.core.AprLifecycleListener.lifecycleEvent Loaded Apache Tomcat Native library [1.3.1] using APR version [1.7.4].
11-Jan-2026 16:00:55.207 INFO [main] org.apache.catalina.core.AprLifecycleListener.lifecycleEvent APR capabilities: IPv6 [true], sendfile [true], accept filters [false], random [true], UDS [true].
11-Jan-2026 16:00:55.207 INFO [main] org.apache.catalina.core.AprLifecycleListener.lifecycleEvent APR/OpenSSL configuration: useAprConnector [false], useOpenSSL [true]
11-Jan-2026 16:00:55.219 INFO [main] org.apache.catalina.core.AprLifecycleListener.initializeSSL OpenSSL successfully initialized [OpenSSL 3.0.14 4 Jun 2024]
11-Jan-2026 16:00:55.828 INFO [main] org.apache.coyote.AbstractProtocol.init Initializing ProtocolHandler ["http-nio-8080"]
11-Jan-2026 16:00:55.886 INFO [main] org.apache.catalina.startup.Catalina.load Server initialization in [1260] milliseconds
11-Jan-2026 16:00:56.012 INFO [main] org.apache.catalina.core.StandardService.startInternal Starting service [Catalina]
11-Jan-2026 16:00:56.013 INFO [main] org.apache.catalina.core.StandardEngine.startInternal Starting Servlet engine: [Apache Tomcat/9.0.113]
11-Jan-2026 16:00:56.056 INFO [main] org.apache.catalina.startup.HostConfig.deployWAR Deploying web application archive [C:\Users\HP\Desktop\kopicatz\apache-tomcat-9.0.113\webapps\backend.war]
11-Jan-2026 16:00:56.937 WARNING [main] org.apache.catalina.util.SessionIdGeneratorBase.createSecureRandom Creation of SecureRandom instance for session ID generation using [SHA1PRNG] took [325] milliseconds.
11-Jan-2026 16:00:56.981 INFO [main] org.apache.catalina.startup.HostConfig.deployWAR Deployment of web application archive [C:\Users\HP\Desktop\kopicatz\apache-tomcat-9.0.113\webapps\backend.war] has finished in [924] ms
11-Jan-2026 16:00:56.984 INFO [main] org.apache.catalina.startup.HostConfig.deployDirectory Deploying web application directory [C:\Users\HP\Desktop\kopicatz\apache-tomcat-9.0.113\webapps\docs]
11-Jan-2026 16:00:57.078 INFO [main] org.apache.catalina.startup.HostConfig.deployDirectory Deployment of web application directory [C:\Users\HP\Desktop\kopicatz\apache-tomcat-9.0.113\webapps\docs] has finished in [95] ms
11-Jan-2026 16:00:57.079 INFO [main] org.apache.catalina.startup.HostConfig.deployDirectory Deploying web application directory [C:\Users\HP\Desktop\kopicatz\apache-tomcat-9.0.113\webapps\examples]
11-Jan-2026 16:00:58.091 INFO [main] org.apache.catalina.startup.HostConfig.deployDirectory Deployment of web application directory [C:\Users\HP\Desktop\kopicatz\apache-tomcat-9.0.113\webapps\examples] has finished in [1,012] ms
11-Jan-2026 16:00:58.092 INFO [main] org.apache.catalina.startup.HostConfig.deployDirectory Deploying web application directory [C:\Users\HP\Desktop\kopicatz\apache-tomcat-9.0.113\webapps\host-manager]
11-Jan-2026 16:00:58.185 INFO [main] org.apache.catalina.startup.HostConfig.deployDirectory Deployment of web application directory [C:\Users\HP\Desktop\kopicatz\apache-tomcat-9.0.113\webapps\host-manager] has finished in [93] ms
11-Jan-2026 16:00:58.186 INFO [main] org.apache.catalina.startup.HostConfig.deployDirectory Deploying web application directory [C:\Users\HP\Desktop\kopicatz\apache-tomcat-9.0.113\webapps\manager]
11-Jan-2026 16:00:58.287 INFO [main] org.apache.catalina.startup.HostConfig.deployDirectory Deployment of web application directory [C:\Users\HP\Desktop\kopicatz\apache-tomcat-9.0.113\webapps\manager] has finished in [100] ms
11-Jan-2026 16:00:58.287 INFO [main] org.apache.catalina.startup.HostConfig.deployDirectory Deploying web application directory [C:\Users\HP\Desktop\kopicatz\apache-tomcat-9.0.113\webapps\ROOT]
11-Jan-2026 16:00:58.349 INFO [main] org.apache.catalina.startup.HostConfig.deployDirectory Deployment of web application directory [C:\Users\HP\Desktop\kopicatz\apache-tomcat-9.0.113\webapps\ROOT] has finished in [61] ms
11-Jan-2026 16:00:58.359 INFO [main] org.apache.coyote.AbstractProtocol.start Starting ProtocolHandler ["http-nio-8080"]
11-Jan-2026 16:00:58.699 INFO [main] org.apache.catalina.startup.Catalina.start Server startup in [2811] milliseconds
11-Jan-2026 16:32:31.844 INFO [main] org.apache.catalina.core.StandardServer.await A valid shutdown command was received via the shutdown port. Stopping the Server instance.
11-Jan-2026 16:32:31.846 INFO [main] org.apache.coyote.AbstractProtocol.pause Pausing ProtocolHandler ["http-nio-8080"]
11-Jan-2026 16:32:32.623 INFO [main] org.apache.catalina.core.StandardService.stopInternal Stopping service [Catalina]
11-Jan-2026 16:32:32.658 INFO [main] org.apache.coyote.AbstractProtocol.stop Stopping ProtocolHandler ["http-nio-8080"]
11-Jan-2026 16:32:32.681 INFO [main] org.apache.coyote.AbstractProtocol.destroy Destroying ProtocolHandler ["http-nio-8080"]
11-Jan-2026 16:32:35.201 INFO [main] org.apache.catalina.startup.VersionLoggerListener.log Server version name:   Apache Tomcat/9.0.113
11-Jan-2026 16:32:35.209 INFO [main] org.apache.catalina.startup.VersionLoggerListener.log Server built:          Dec 2 2025 19:51:24 UTC
11-Jan-2026 16:32:35.209 INFO [main] org.apache.catalina.startup.VersionLoggerListener.log Server version number: 9.0.113.0
11-Jan-2026 16:32:35.209 INFO [main] org.apache.catalina.startup.VersionLoggerListener.log OS Name:               Windows 10
11-Jan-2026 16:32:35.209 INFO [main] org.apache.catalina.startup.VersionLoggerListener.log OS Version:            10.0
11-Jan-2026 16:32:35.209 INFO [main] org.apache.catalina.startup.VersionLoggerListener.log Architecture:          amd64
11-Jan-2026 16:32:35.209 INFO [main] org.apache.catalina.startup.VersionLoggerListener.log Java Home:             C:\Program Files\Eclipse Adoptium\jdk-11.0.29.7-hotspot
11-Jan-2026 16:32:35.209 INFO [main] org.apache.catalina.startup.VersionLoggerListener.log JVM Version:           11.0.29+7
11-Jan-2026 16:32:35.209 INFO [main] org.apache.catalina.startup.VersionLoggerListener.log JVM Vendor:            Eclipse Adoptium
11-Jan-2026 16:32:35.209 INFO [main] org.apache.catalina.startup.VersionLoggerListener.log CATALINA_BASE:         C:\Users\HP\Desktop\kopicatz\apache-tomcat-9.0.113
11-Jan-2026 16:32:35.209 INFO [main] org.apache.catalina.startup.VersionLoggerListener.log CATALINA_HOME:         C:\Users\HP\Desktop\kopicatz\apache-tomcat-9.0.113
11-Jan-2026 16:32:35.232 INFO [main] org.apache.catalina.startup.VersionLoggerListener.log Command line argument: --add-opens=java.base/java.lang=ALL-UNNAMED
11-Jan-2026 16:32:35.232 INFO [main] org.apache.catalina.startup.VersionLoggerListener.log Command line argument: --add-opens=java.base/java.lang.invoke=ALL-UNNAMED
11-Jan-2026 16:32:35.233 INFO [main] org.apache.catalina.startup.VersionLoggerListener.log Command line argument: --add-opens=java.base/java.lang.reflect=ALL-UNNAMED
11-Jan-2026 16:32:35.234 INFO [main] org.apache.catalina.startup.VersionLoggerListener.log Command line argument: --add-opens=java.base/java.io=ALL-UNNAMED
11-Jan-2026 16:32:35.236 INFO [main] org.apache.catalina.startup.VersionLoggerListener.log Command line argument: --add-opens=java.base/java.util=ALL-UNNAMED
11-Jan-2026 16:32:35.237 INFO [main] org.apache.catalina.startup.VersionLoggerListener.log Command line argument: --add-opens=java.base/java.util.concurrent=ALL-UNNAMED
11-Jan-2026 16:32:35.239 INFO [main] org.apache.catalina.startup.VersionLoggerListener.log Command line argument: --add-opens=java.rmi/sun.rmi.transport=ALL-UNNAMED
11-Jan-2026 16:32:35.244 INFO [main] org.apache.catalina.startup.VersionLoggerListener.log Command line argument: -Djava.util.logging.config.file=C:\Users\HP\Desktop\kopicatz\apache-tomcat-9.0.113\conf\logging.properties
11-Jan-2026 16:32:35.244 INFO [main] org.apache.catalina.startup.VersionLoggerListener.log Command line argument: -Djava.util.logging.manager=org.apache.juli.ClassLoaderLogManager
11-Jan-2026 16:32:35.244 INFO [main] org.apache.catalina.startup.VersionLoggerListener.log Command line argument: -Djdk.tls.ephemeralDHKeySize=2048
11-Jan-2026 16:32:35.244 INFO [main] org.apache.catalina.startup.VersionLoggerListener.log Command line argument: -Djava.protocol.handler.pkgs=org.apache.catalina.webresources
11-Jan-2026 16:32:35.244 INFO [main] org.apache.catalina.startup.VersionLoggerListener.log Command line argument: -Dsun.io.useCanonCaches=false
11-Jan-2026 16:32:35.244 INFO [main] org.apache.catalina.startup.VersionLoggerListener.log Command line argument: -Dignore.endorsed.dirs=
11-Jan-2026 16:32:35.244 INFO [main] org.apache.catalina.startup.VersionLoggerListener.log Command line argument: -Dcatalina.base=C:\Users\HP\Desktop\kopicatz\apache-tomcat-9.0.113
11-Jan-2026 16:32:35.244 INFO [main] org.apache.catalina.startup.VersionLoggerListener.log Command line argument: -Dcatalina.home=C:\Users\HP\Desktop\kopicatz\apache-tomcat-9.0.113
11-Jan-2026 16:32:35.244 INFO [main] org.apache.catalina.startup.VersionLoggerListener.log Command line argument: -Djava.io.tmpdir=C:\Users\HP\Desktop\kopicatz\apache-tomcat-9.0.113\temp
11-Jan-2026 16:32:35.244 INFO [main] org.apache.catalina.core.AprLifecycleListener.lifecycleEvent Loaded Apache Tomcat Native library [1.3.1] using APR version [1.7.4].
11-Jan-2026 16:32:35.259 INFO [main] org.apache.catalina.core.AprLifecycleListener.lifecycleEvent APR capabilities: IPv6 [true], sendfile [true], accept filters [false], random [true], UDS [true].
11-Jan-2026 16:32:35.260 INFO [main] org.apache.catalina.core.AprLifecycleListener.lifecycleEvent APR/OpenSSL configuration: useAprConnector [false], useOpenSSL [true]
11-Jan-2026 16:32:35.269 INFO [main] org.apache.catalina.core.AprLifecycleListener.initializeSSL OpenSSL successfully initialized [OpenSSL 3.0.14 4 Jun 2024]
11-Jan-2026 16:32:35.848 INFO [main] org.apache.coyote.AbstractProtocol.init Initializing ProtocolHandler ["http-nio-8080"]
11-Jan-2026 16:32:35.897 INFO [main] org.apache.catalina.startup.Catalina.load Server initialization in [1076] milliseconds
11-Jan-2026 16:32:36.009 INFO [main] org.apache.catalina.core.StandardService.startInternal Starting service [Catalina]
11-Jan-2026 16:32:36.009 INFO [main] org.apache.catalina.core.StandardEngine.startInternal Starting Servlet engine: [Apache Tomcat/9.0.113]
11-Jan-2026 16:32:36.048 INFO [main] org.apache.catalina.startup.HostConfig.deployWAR Deploying web application archive [C:\Users\HP\Desktop\kopicatz\apache-tomcat-9.0.113\webapps\backend.war]
11-Jan-2026 16:32:37.097 INFO [main] org.apache.jasper.servlet.TldScanner.scanJars At least one JAR was scanned for TLDs yet contained no TLDs. Enable debug logging for this logger for a complete list of JARs that were scanned but no TLDs were found in them. Skipping unneeded JARs during scanning can improve startup time and JSP compilation time.
11-Jan-2026 16:32:37.451 WARNING [main] org.apache.catalina.util.SessionIdGeneratorBase.createSecureRandom Creation of SecureRandom instance for session ID generation using [SHA1PRNG] took [278] milliseconds.
11-Jan-2026 16:32:37.489 INFO [main] org.apache.catalina.startup.HostConfig.deployWAR Deployment of web application archive [C:\Users\HP\Desktop\kopicatz\apache-tomcat-9.0.113\webapps\backend.war] has finished in [1,441] ms
11-Jan-2026 16:32:37.492 INFO [main] org.apache.catalina.startup.HostConfig.deployDirectory Deploying web application directory [C:\Users\HP\Desktop\kopicatz\apache-tomcat-9.0.113\webapps\docs]
11-Jan-2026 16:32:37.695 INFO [main] org.apache.catalina.startup.HostConfig.deployDirectory Deployment of web application directory [C:\Users\HP\Desktop\kopicatz\apache-tomcat-9.0.113\webapps\docs] has finished in [202] ms
11-Jan-2026 16:32:37.702 INFO [main] org.apache.catalina.startup.HostConfig.deployDirectory Deploying web application directory [C:\Users\HP\Desktop\kopicatz\apache-tomcat-9.0.113\webapps\examples]
11-Jan-2026 16:32:38.599 INFO [main] org.apache.catalina.startup.HostConfig.deployDirectory Deployment of web application directory [C:\Users\HP\Desktop\kopicatz\apache-tomcat-9.0.113\webapps\examples] has finished in [896] ms
11-Jan-2026 16:32:38.605 INFO [main] org.apache.catalina.startup.HostConfig.deployDirectory Deploying web application directory [C:\Users\HP\Desktop\kopicatz\apache-tomcat-9.0.113\webapps\host-manager]
11-Jan-2026 16:32:38.708 INFO [main] org.apache.catalina.startup.HostConfig.deployDirectory Deployment of web application directory [C:\Users\HP\Desktop\kopicatz\apache-tomcat-9.0.113\webapps\host-manager] has finished in [103] ms
11-Jan-2026 16:32:38.708 INFO [main] org.apache.catalina.startup.HostConfig.deployDirectory Deploying web application directory [C:\Users\HP\Desktop\kopicatz\apache-tomcat-9.0.113\webapps\manager]
11-Jan-2026 16:32:38.823 INFO [main] org.apache.catalina.startup.HostConfig.deployDirectory Deployment of web application directory [C:\Users\HP\Desktop\kopicatz\apache-tomcat-9.0.113\webapps\manager] has finished in [115] ms
11-Jan-2026 16:32:38.828 INFO [main] org.apache.catalina.startup.HostConfig.deployDirectory Deploying web application directory [C:\Users\HP\Desktop\kopicatz\apache-tomcat-9.0.113\webapps\ROOT]
11-Jan-2026 16:32:38.895 INFO [main] org.apache.catalina.startup.HostConfig.deployDirectory Deployment of web application directory [C:\Users\HP\Desktop\kopicatz\apache-tomcat-9.0.113\webapps\ROOT] has finished in [67] ms
11-Jan-2026 16:32:38.905 INFO [main] org.apache.coyote.AbstractProtocol.start Starting ProtocolHandler ["http-nio-8080"]
11-Jan-2026 16:32:39.206 INFO [main] org.apache.catalina.startup.Catalina.start Server startup in [3306] milliseconds
11-Jan-2026 17:14:15.455 INFO [main] org.apache.catalina.core.StandardServer.await A valid shutdown command was received via the shutdown port. Stopping the Server instance.
11-Jan-2026 17:14:15.457 INFO [main] org.apache.coyote.AbstractProtocol.pause Pausing ProtocolHandler ["http-nio-8080"]
11-Jan-2026 17:14:16.159 INFO [main] org.apache.catalina.core.StandardService.stopInternal Stopping service [Catalina]
11-Jan-2026 17:14:16.227 INFO [main] org.apache.coyote.AbstractProtocol.stop Stopping ProtocolHandler ["http-nio-8080"]
11-Jan-2026 17:14:16.241 INFO [main] org.apache.coyote.AbstractProtocol.destroy Destroying ProtocolHandler ["http-nio-8080"]
11-Jan-2026 17:23:45.339 INFO [main] org.apache.catalina.startup.VersionLoggerListener.log Server version name:   Apache Tomcat/9.0.113
11-Jan-2026 17:23:45.346 INFO [main] org.apache.catalina.startup.VersionLoggerListener.log Server built:          Dec 2 2025 19:51:24 UTC
11-Jan-2026 17:23:45.347 INFO [main] org.apache.catalina.startup.VersionLoggerListener.log Server version number: 9.0.113.0
11-Jan-2026 17:23:45.348 INFO [main] org.apache.catalina.startup.VersionLoggerListener.log OS Name:               Windows 10
11-Jan-2026 17:23:45.348 INFO [main] org.apache.catalina.startup.VersionLoggerListener.log OS Version:            10.0
11-Jan-2026 17:23:45.350 INFO [main] org.apache.catalina.startup.VersionLoggerListener.log Architecture:          amd64
11-Jan-2026 17:23:45.350 INFO [main] org.apache.catalina.startup.VersionLoggerListener.log Java Home:             C:\Program Files\Eclipse Adoptium\jdk-11.0.29.7-hotspot
11-Jan-2026 17:23:45.352 INFO [main] org.apache.catalina.startup.VersionLoggerListener.log JVM Version:           11.0.29+7
11-Jan-2026 17:23:45.352 INFO [main] org.apache.catalina.startup.VersionLoggerListener.log JVM Vendor:            Eclipse Adoptium
11-Jan-2026 17:23:45.353 INFO [main] org.apache.catalina.startup.VersionLoggerListener.log CATALINA_BASE:         C:\Users\HP\Desktop\kopicatz\apache-tomcat-9.0.113
11-Jan-2026 17:23:45.353 INFO [main] org.apache.catalina.startup.VersionLoggerListener.log CATALINA_HOME:         C:\Users\HP\Desktop\kopicatz\apache-tomcat-9.0.113
11-Jan-2026 17:23:45.372 INFO [main] org.apache.catalina.startup.VersionLoggerListener.log Command line argument: --add-opens=java.base/java.lang=ALL-UNNAMED
11-Jan-2026 17:23:45.375 INFO [main] org.apache.catalina.startup.VersionLoggerListener.log Command line argument: --add-opens=java.base/java.lang.invoke=ALL-UNNAMED
11-Jan-2026 17:23:45.376 INFO [main] org.apache.catalina.startup.VersionLoggerListener.log Command line argument: --add-opens=java.base/java.lang.reflect=ALL-UNNAMED
11-Jan-2026 17:23:45.378 INFO [main] org.apache.catalina.startup.VersionLoggerListener.log Command line argument: --add-opens=java.base/java.io=ALL-UNNAMED
11-Jan-2026 17:23:45.380 INFO [main] org.apache.catalina.startup.VersionLoggerListener.log Command line argument: --add-opens=java.base/java.util=ALL-UNNAMED
11-Jan-2026 17:23:45.380 INFO [main] org.apache.catalina.startup.VersionLoggerListener.log Command line argument: --add-opens=java.base/java.util.concurrent=ALL-UNNAMED
11-Jan-2026 17:23:45.382 INFO [main] org.apache.catalina.startup.VersionLoggerListener.log Command line argument: --add-opens=java.rmi/sun.rmi.transport=ALL-UNNAMED
11-Jan-2026 17:23:45.384 INFO [main] org.apache.catalina.startup.VersionLoggerListener.log Command line argument: -Djava.util.logging.config.file=C:\Users\HP\Desktop\kopicatz\apache-tomcat-9.0.113\conf\logging.properties
11-Jan-2026 17:23:45.385 INFO [main] org.apache.catalina.startup.VersionLoggerListener.log Command line argument: -Djava.util.logging.manager=org.apache.juli.ClassLoaderLogManager
11-Jan-2026 17:23:45.387 INFO [main] org.apache.catalina.startup.VersionLoggerListener.log Command line argument: -Djdk.tls.ephemeralDHKeySize=2048
11-Jan-2026 17:23:45.389 INFO [main] org.apache.catalina.startup.VersionLoggerListener.log Command line argument: -Djava.protocol.handler.pkgs=org.apache.catalina.webresources
11-Jan-2026 17:23:45.391 INFO [main] org.apache.catalina.startup.VersionLoggerListener.log Command line argument: -Dsun.io.useCanonCaches=false
11-Jan-2026 17:23:45.392 INFO [main] org.apache.catalina.startup.VersionLoggerListener.log Command line argument: -Dignore.endorsed.dirs=
11-Jan-2026 17:23:45.393 INFO [main] org.apache.catalina.startup.VersionLoggerListener.log Command line argument: -Dcatalina.base=C:\Users\HP\Desktop\kopicatz\apache-tomcat-9.0.113
11-Jan-2026 17:23:45.394 INFO [main] org.apache.catalina.startup.VersionLoggerListener.log Command line argument: -Dcatalina.home=C:\Users\HP\Desktop\kopicatz\apache-tomcat-9.0.113
11-Jan-2026 17:23:45.396 INFO [main] org.apache.catalina.startup.VersionLoggerListener.log Command line argument: -Djava.io.tmpdir=C:\Users\HP\Desktop\kopicatz\apache-tomcat-9.0.113\temp
11-Jan-2026 17:23:45.402 INFO [main] org.apache.catalina.core.AprLifecycleListener.lifecycleEvent Loaded Apache Tomcat Native library [1.3.1] using APR version [1.7.4].
11-Jan-2026 17:23:45.402 INFO [main] org.apache.catalina.core.AprLifecycleListener.lifecycleEvent APR capabilities: IPv6 [true], sendfile [true], accept filters [false], random [true], UDS [true].
11-Jan-2026 17:23:45.405 INFO [main] org.apache.catalina.core.AprLifecycleListener.lifecycleEvent APR/OpenSSL configuration: useAprConnector [false], useOpenSSL [true]
11-Jan-2026 17:23:45.416 INFO [main] org.apache.catalina.core.AprLifecycleListener.initializeSSL OpenSSL successfully initialized [OpenSSL 3.0.14 4 Jun 2024]
11-Jan-2026 17:23:45.986 INFO [main] org.apache.coyote.AbstractProtocol.init Initializing ProtocolHandler ["http-nio-8080"]
11-Jan-2026 17:23:46.035 INFO [main] org.apache.catalina.startup.Catalina.load Server initialization in [1265] milliseconds
11-Jan-2026 17:23:46.165 INFO [main] org.apache.catalina.core.StandardService.startInternal Starting service [Catalina]
11-Jan-2026 17:23:46.166 INFO [main] org.apache.catalina.core.StandardEngine.startInternal Starting Servlet engine: [Apache Tomcat/9.0.113]
11-Jan-2026 17:23:46.210 INFO [main] org.apache.catalina.startup.HostConfig.deployWAR Deploying web application archive [C:\Users\HP\Desktop\kopicatz\apache-tomcat-9.0.113\webapps\backend.war]
11-Jan-2026 17:23:47.324 INFO [main] org.apache.jasper.servlet.TldScanner.scanJars At least one JAR was scanned for TLDs yet contained no TLDs. Enable debug logging for this logger for a complete list of JARs that were scanned but no TLDs were found in them. Skipping unneeded JARs during scanning can improve startup time and JSP compilation time.
11-Jan-2026 17:23:47.663 WARNING [main] org.apache.catalina.util.SessionIdGeneratorBase.createSecureRandom Creation of SecureRandom instance for session ID generation using [SHA1PRNG] took [287] milliseconds.
11-Jan-2026 17:23:47.701 INFO [main] org.apache.catalina.startup.HostConfig.deployWAR Deployment of web application archive [C:\Users\HP\Desktop\kopicatz\apache-tomcat-9.0.113\webapps\backend.war] has finished in [1,491] ms
11-Jan-2026 17:23:47.741 INFO [main] org.apache.catalina.startup.HostConfig.deployDirectory Deploying web application directory [C:\Users\HP\Desktop\kopicatz\apache-tomcat-9.0.113\webapps\docs]
11-Jan-2026 17:23:47.916 INFO [main] org.apache.catalina.startup.HostConfig.deployDirectory Deployment of web application directory [C:\Users\HP\Desktop\kopicatz\apache-tomcat-9.0.113\webapps\docs] has finished in [175] ms
11-Jan-2026 17:23:47.919 INFO [main] org.apache.catalina.startup.HostConfig.deployDirectory Deploying web application directory [C:\Users\HP\Desktop\kopicatz\apache-tomcat-9.0.113\webapps\examples]
11-Jan-2026 17:23:48.824 INFO [main] org.apache.catalina.startup.HostConfig.deployDirectory Deployment of web application directory [C:\Users\HP\Desktop\kopicatz\apache-tomcat-9.0.113\webapps\examples] has finished in [905] ms
11-Jan-2026 17:23:48.827 INFO [main] org.apache.catalina.startup.HostConfig.deployDirectory Deploying web application directory [C:\Users\HP\Desktop\kopicatz\apache-tomcat-9.0.113\webapps\host-manager]
11-Jan-2026 17:23:48.901 INFO [main] org.apache.catalina.startup.HostConfig.deployDirectory Deployment of web application directory [C:\Users\HP\Desktop\kopicatz\apache-tomcat-9.0.113\webapps\host-manager] has finished in [74] ms
11-Jan-2026 17:23:48.905 INFO [main] org.apache.catalina.startup.HostConfig.deployDirectory Deploying web application directory [C:\Users\HP\Desktop\kopicatz\apache-tomcat-9.0.113\webapps\manager]
11-Jan-2026 17:23:48.967 INFO [main] org.apache.catalina.startup.HostConfig.deployDirectory Deployment of web application directory [C:\Users\HP\Desktop\kopicatz\apache-tomcat-9.0.113\webapps\manager] has finished in [62] ms
11-Jan-2026 17:23:48.975 INFO [main] org.apache.catalina.startup.HostConfig.deployDirectory Deploying web application directory [C:\Users\HP\Desktop\kopicatz\apache-tomcat-9.0.113\webapps\ROOT]
11-Jan-2026 17:23:49.040 INFO [main] org.apache.catalina.startup.HostConfig.deployDirectory Deployment of web application directory [C:\Users\HP\Desktop\kopicatz\apache-tomcat-9.0.113\webapps\ROOT] has finished in [65] ms
11-Jan-2026 17:23:49.050 INFO [main] org.apache.coyote.AbstractProtocol.start Starting ProtocolHandler ["http-nio-8080"]
11-Jan-2026 17:23:49.336 INFO [main] org.apache.catalina.startup.Catalina.start Server startup in [3296] milliseconds
11-Jan-2026 17:49:15.733 INFO [Catalina-utility-2] org.apache.catalina.startup.HostConfig.undeploy Undeploying context [/backend]
11-Jan-2026 17:49:15.895 INFO [Catalina-utility-2] org.apache.catalina.startup.HostConfig.deployWAR Deploying web application archive [C:\Users\HP\Desktop\kopicatz\apache-tomcat-9.0.113\webapps\backend.war]
11-Jan-2026 17:49:16.626 INFO [Catalina-utility-2] org.apache.jasper.servlet.TldScanner.scanJars At least one JAR was scanned for TLDs yet contained no TLDs. Enable debug logging for this logger for a complete list of JARs that were scanned but no TLDs were found in them. Skipping unneeded JARs during scanning can improve startup time and JSP compilation time.
11-Jan-2026 17:49:16.641 INFO [Catalina-utility-2] org.apache.catalina.startup.HostConfig.deployWAR Deployment of web application archive [C:\Users\HP\Desktop\kopicatz\apache-tomcat-9.0.113\webapps\backend.war] has finished in [746] ms
11-Jan-2026 18:54:28.453 INFO [main] org.apache.catalina.startup.VersionLoggerListener.log Server version name:   Apache Tomcat/9.0.113
11-Jan-2026 18:54:28.460 INFO [main] org.apache.catalina.startup.VersionLoggerListener.log Server built:          Dec 2 2025 19:51:24 UTC
11-Jan-2026 18:54:28.461 INFO [main] org.apache.catalina.startup.VersionLoggerListener.log Server version number: 9.0.113.0
11-Jan-2026 18:54:28.461 INFO [main] org.apache.catalina.startup.VersionLoggerListener.log OS Name:               Windows 10
11-Jan-2026 18:54:28.461 INFO [main] org.apache.catalina.startup.VersionLoggerListener.log OS Version:            10.0
11-Jan-2026 18:54:28.462 INFO [main] org.apache.catalina.startup.VersionLoggerListener.log Architecture:          amd64
11-Jan-2026 18:54:28.462 INFO [main] org.apache.catalina.startup.VersionLoggerListener.log Java Home:             C:\Program Files\Eclipse Adoptium\jdk-11.0.29.7-hotspot
11-Jan-2026 18:54:28.462 INFO [main] org.apache.catalina.startup.VersionLoggerListener.log JVM Version:           11.0.29+7
11-Jan-2026 18:54:28.463 INFO [main] org.apache.catalina.startup.VersionLoggerListener.log JVM Vendor:            Eclipse Adoptium
11-Jan-2026 18:54:28.463 INFO [main] org.apache.catalina.startup.VersionLoggerListener.log CATALINA_BASE:         C:\Users\HP\Desktop\kopicatz\apache-tomcat-9.0.113
11-Jan-2026 18:54:28.464 INFO [main] org.apache.catalina.startup.VersionLoggerListener.log CATALINA_HOME:         C:\Users\HP\Desktop\kopicatz\apache-tomcat-9.0.113
11-Jan-2026 18:54:28.500 INFO [main] org.apache.catalina.startup.VersionLoggerListener.log Command line argument: --add-opens=java.base/java.lang=ALL-UNNAMED
11-Jan-2026 18:54:28.503 INFO [main] org.apache.catalina.startup.VersionLoggerListener.log Command line argument: --add-opens=java.base/java.lang.invoke=ALL-UNNAMED
11-Jan-2026 18:54:28.503 INFO [main] org.apache.catalina.startup.VersionLoggerListener.log Command line argument: --add-opens=java.base/java.lang.reflect=ALL-UNNAMED
11-Jan-2026 18:54:28.504 INFO [main] org.apache.catalina.startup.VersionLoggerListener.log Command line argument: --add-opens=java.base/java.io=ALL-UNNAMED
11-Jan-2026 18:54:28.507 INFO [main] org.apache.catalina.startup.VersionLoggerListener.log Command line argument: --add-opens=java.base/java.util=ALL-UNNAMED
11-Jan-2026 18:54:28.519 INFO [main] org.apache.catalina.startup.VersionLoggerListener.log Command line argument: --add-opens=java.base/java.util.concurrent=ALL-UNNAMED
11-Jan-2026 18:54:28.522 INFO [main] org.apache.catalina.startup.VersionLoggerListener.log Command line argument: --add-opens=java.rmi/sun.rmi.transport=ALL-UNNAMED
11-Jan-2026 18:54:28.525 INFO [main] org.apache.catalina.startup.VersionLoggerListener.log Command line argument: -Djava.util.logging.config.file=C:\Users\HP\Desktop\kopicatz\apache-tomcat-9.0.113\conf\logging.properties
11-Jan-2026 18:54:28.527 INFO [main] org.apache.catalina.startup.VersionLoggerListener.log Command line argument: -Djava.util.logging.manager=org.apache.juli.ClassLoaderLogManager
11-Jan-2026 18:54:28.528 INFO [main] org.apache.catalina.startup.VersionLoggerListener.log Command line argument: -Djdk.tls.ephemeralDHKeySize=2048
11-Jan-2026 18:54:28.532 INFO [main] org.apache.catalina.startup.VersionLoggerListener.log Command line argument: -Djava.protocol.handler.pkgs=org.apache.catalina.webresources
11-Jan-2026 18:54:28.537 INFO [main] org.apache.catalina.startup.VersionLoggerListener.log Command line argument: -Dsun.io.useCanonCaches=false
11-Jan-2026 18:54:28.538 INFO [main] org.apache.catalina.startup.VersionLoggerListener.log Command line argument: -Dignore.endorsed.dirs=
11-Jan-2026 18:54:28.540 INFO [main] org.apache.catalina.startup.VersionLoggerListener.log Command line argument: -Dcatalina.base=C:\Users\HP\Desktop\kopicatz\apache-tomcat-9.0.113
11-Jan-2026 18:54:28.541 INFO [main] org.apache.catalina.startup.VersionLoggerListener.log Command line argument: -Dcatalina.home=C:\Users\HP\Desktop\kopicatz\apache-tomcat-9.0.113
11-Jan-2026 18:54:28.543 INFO [main] org.apache.catalina.startup.VersionLoggerListener.log Command line argument: -Djava.io.tmpdir=C:\Users\HP\Desktop\kopicatz\apache-tomcat-9.0.113\temp
11-Jan-2026 18:54:28.565 INFO [main] org.apache.catalina.core.AprLifecycleListener.lifecycleEvent Loaded Apache Tomcat Native library [1.3.1] using APR version [1.7.4].
11-Jan-2026 18:54:28.571 INFO [main] org.apache.catalina.core.AprLifecycleListener.lifecycleEvent APR capabilities: IPv6 [true], sendfile [true], accept filters [false], random [true], UDS [true].
11-Jan-2026 18:54:28.572 INFO [main] org.apache.catalina.core.AprLifecycleListener.lifecycleEvent APR/OpenSSL configuration: useAprConnector [false], useOpenSSL [true]
11-Jan-2026 18:54:28.596 INFO [main] org.apache.catalina.core.AprLifecycleListener.initializeSSL OpenSSL successfully initialized [OpenSSL 3.0.14 4 Jun 2024]
11-Jan-2026 18:54:30.323 INFO [main] org.apache.coyote.AbstractProtocol.init Initializing ProtocolHandler ["http-nio-8080"]
11-Jan-2026 18:54:30.444 INFO [main] org.apache.catalina.startup.Catalina.load Server initialization in [2648] milliseconds
11-Jan-2026 18:54:30.652 INFO [main] org.apache.catalina.core.StandardService.startInternal Starting service [Catalina]
11-Jan-2026 18:54:30.662 INFO [main] org.apache.catalina.core.StandardEngine.startInternal Starting Servlet engine: [Apache Tomcat/9.0.113]
11-Jan-2026 18:54:30.726 INFO [main] org.apache.catalina.startup.HostConfig.deployWAR Deploying web application archive [C:\Users\HP\Desktop\kopicatz\apache-tomcat-9.0.113\webapps\backend.war]
11-Jan-2026 18:54:33.116 INFO [main] org.apache.jasper.servlet.TldScanner.scanJars At least one JAR was scanned for TLDs yet contained no TLDs. Enable debug logging for this logger for a complete list of JARs that were scanned but no TLDs were found in them. Skipping unneeded JARs during scanning can improve startup time and JSP compilation time.
11-Jan-2026 18:54:33.549 WARNING [main] org.apache.catalina.util.SessionIdGeneratorBase.createSecureRandom Creation of SecureRandom instance for session ID generation using [SHA1PRNG] took [368] milliseconds.
11-Jan-2026 18:54:33.604 INFO [main] org.apache.catalina.startup.HostConfig.deployWAR Deployment of web application archive [C:\Users\HP\Desktop\kopicatz\apache-tomcat-9.0.113\webapps\backend.war] has finished in [2,878] ms
11-Jan-2026 18:54:33.622 INFO [main] org.apache.catalina.startup.HostConfig.deployDirectory Deploying web application directory [C:\Users\HP\Desktop\kopicatz\apache-tomcat-9.0.113\webapps\docs]
11-Jan-2026 18:54:33.736 INFO [main] org.apache.catalina.startup.HostConfig.deployDirectory Deployment of web application directory [C:\Users\HP\Desktop\kopicatz\apache-tomcat-9.0.113\webapps\docs] has finished in [114] ms
11-Jan-2026 18:54:33.743 INFO [main] org.apache.catalina.startup.HostConfig.deployDirectory Deploying web application directory [C:\Users\HP\Desktop\kopicatz\apache-tomcat-9.0.113\webapps\examples]
11-Jan-2026 18:54:35.154 INFO [main] org.apache.catalina.startup.HostConfig.deployDirectory Deployment of web application directory [C:\Users\HP\Desktop\kopicatz\apache-tomcat-9.0.113\webapps\examples] has finished in [1,411] ms
11-Jan-2026 18:54:35.159 INFO [main] org.apache.catalina.startup.HostConfig.deployDirectory Deploying web application directory [C:\Users\HP\Desktop\kopicatz\apache-tomcat-9.0.113\webapps\host-manager]
11-Jan-2026 18:54:35.326 INFO [main] org.apache.catalina.startup.HostConfig.deployDirectory Deployment of web application directory [C:\Users\HP\Desktop\kopicatz\apache-tomcat-9.0.113\webapps\host-manager] has finished in [167] ms
11-Jan-2026 18:54:35.332 INFO [main] org.apache.catalina.startup.HostConfig.deployDirectory Deploying web application directory [C:\Users\HP\Desktop\kopicatz\apache-tomcat-9.0.113\webapps\manager]
11-Jan-2026 18:54:35.441 INFO [main] org.apache.catalina.startup.HostConfig.deployDirectory Deployment of web application directory [C:\Users\HP\Desktop\kopicatz\apache-tomcat-9.0.113\webapps\manager] has finished in [109] ms
11-Jan-2026 18:54:35.451 INFO [main] org.apache.catalina.startup.HostConfig.deployDirectory Deploying web application directory [C:\Users\HP\Desktop\kopicatz\apache-tomcat-9.0.113\webapps\ROOT]
11-Jan-2026 18:54:35.592 INFO [main] org.apache.catalina.startup.HostConfig.deployDirectory Deployment of web application directory [C:\Users\HP\Desktop\kopicatz\apache-tomcat-9.0.113\webapps\ROOT] has finished in [141] ms
11-Jan-2026 18:54:35.613 INFO [main] org.apache.coyote.AbstractProtocol.start Starting ProtocolHandler ["http-nio-8080"]
11-Jan-2026 18:54:36.529 INFO [main] org.apache.catalina.startup.Catalina.start Server startup in [6056] milliseconds
