11-Jan-2026 05:19:22.698 INFO [main] org.apache.catalina.core.ApplicationContext.log ContextListener: contextInitialized()
11-Jan-2026 05:19:22.698 INFO [main] org.apache.catalina.core.ApplicationContext.log SessionListener: contextInitialized()
11-Jan-2026 05:19:22.706 INFO [main] org.apache.catalina.core.ApplicationContext.log ContextListener: attributeAdded('StockTicker', 'async.Stockticker@4201a617')
11-Jan-2026 10:25:17.019 INFO [main] org.apache.catalina.core.ApplicationContext.log SessionListener: contextDestroyed()
11-Jan-2026 10:25:17.019 INFO [main] org.apache.catalina.core.ApplicationContext.log ContextListener: contextDestroyed()
11-Jan-2026 10:25:21.138 INFO [main] org.apache.catalina.core.ApplicationContext.log ContextListener: contextInitialized()
11-Jan-2026 10:25:21.140 INFO [main] org.apache.catalina.core.ApplicationContext.log SessionListener: contextInitialized()
11-Jan-2026 10:25:21.144 INFO [main] org.apache.catalina.core.ApplicationContext.log ContextListener: attributeAdded('StockTicker', 'async.Stockticker@5bbbdd4b')
11-Jan-2026 10:36:02.422 INFO [main] org.apache.catalina.core.ApplicationContext.log SessionListener: contextDestroyed()
11-Jan-2026 10:36:02.429 INFO [main] org.apache.catalina.core.ApplicationContext.log ContextListener: contextDestroyed()
11-Jan-2026 10:36:07.094 INFO [main] org.apache.catalina.core.ApplicationContext.log ContextListener: contextInitialized()
11-Jan-2026 10:36:07.094 INFO [main] org.apache.catalina.core.ApplicationContext.log SessionListener: contextInitialized()
11-Jan-2026 10:36:07.097 INFO [main] org.apache.catalina.core.ApplicationContext.log ContextListener: attributeAdded('StockTicker', 'async.Stockticker@62e8f862')
11-Jan-2026 10:43:34.625 INFO [main] org.apache.catalina.core.ApplicationContext.log SessionListener: contextDestroyed()
11-Jan-2026 10:43:34.625 INFO [main] org.apache.catalina.core.ApplicationContext.log ContextListener: contextDestroyed()
11-Jan-2026 10:55:28.044 INFO [main] org.apache.catalina.core.ApplicationContext.log ContextListener: contextInitialized()
11-Jan-2026 10:55:28.044 INFO [main] org.apache.catalina.core.ApplicationContext.log SessionListener: contextInitialized()
11-Jan-2026 10:55:28.048 INFO [main] org.apache.catalina.core.ApplicationContext.log ContextListener: attributeAdded('StockTicker', 'async.Stockticker@1ad777f')
11-Jan-2026 11:14:34.811 INFO [main] org.apache.catalina.core.ApplicationContext.log SessionListener: contextDestroyed()
11-Jan-2026 11:14:34.811 INFO [main] org.apache.catalina.core.ApplicationContext.log ContextListener: contextDestroyed()
11-Jan-2026 13:36:43.358 INFO [main] org.apache.catalina.core.ApplicationContext.log ContextListener: contextInitialized()
11-Jan-2026 13:36:43.359 INFO [main] org.apache.catalina.core.ApplicationContext.log SessionListener: contextInitialized()
11-Jan-2026 13:36:43.364 INFO [main] org.apache.catalina.core.ApplicationContext.log ContextListener: attributeAdded('StockTicker', 'async.Stockticker@25230246')
11-Jan-2026 13:47:04.763 INFO [main] org.apache.catalina.core.ApplicationContext.log SessionListener: contextDestroyed()
11-Jan-2026 13:47:04.764 INFO [main] org.apache.catalina.core.ApplicationContext.log ContextListener: contextDestroyed()
11-Jan-2026 13:47:11.608 INFO [main] org.apache.catalina.core.ApplicationContext.log ContextListener: contextInitialized()
11-Jan-2026 13:47:11.608 INFO [main] org.apache.catalina.core.ApplicationContext.log SessionListener: contextInitialized()
11-Jan-2026 13:47:11.612 INFO [main] org.apache.catalina.core.ApplicationContext.log ContextListener: attributeAdded('StockTicker', 'async.Stockticker@1af05b03')
11-Jan-2026 15:26:10.875 INFO [main] org.apache.catalina.core.ApplicationContext.log SessionListener: contextDestroyed()
11-Jan-2026 15:26:10.875 INFO [main] org.apache.catalina.core.ApplicationContext.log ContextListener: contextDestroyed()
11-Jan-2026 15:32:37.291 INFO [main] org.apache.catalina.core.ApplicationContext.log ContextListener: contextInitialized()
11-Jan-2026 15:32:37.291 INFO [main] org.apache.catalina.core.ApplicationContext.log SessionListener: contextInitialized()
11-Jan-2026 15:32:37.294 INFO [main] org.apache.catalina.core.ApplicationContext.log ContextListener: attributeAdded('StockTicker', 'async.Stockticker@5987e932')
11-Jan-2026 16:00:52.171 INFO [main] org.apache.catalina.core.ApplicationContext.log SessionListener: contextDestroyed()
11-Jan-2026 16:00:52.171 INFO [main] org.apache.catalina.core.ApplicationContext.log ContextListener: contextDestroyed()
11-Jan-2026 16:00:58.063 INFO [main] org.apache.catalina.core.ApplicationContext.log ContextListener: contextInitialized()
11-Jan-2026 16:00:58.063 INFO [main] org.apache.catalina.core.ApplicationContext.log SessionListener: contextInitialized()
11-Jan-2026 16:00:58.068 INFO [main] org.apache.catalina.core.ApplicationContext.log ContextListener: attributeAdded('StockTicker', 'async.Stockticker@d4ab71a')
11-Jan-2026 16:32:32.657 INFO [main] org.apache.catalina.core.ApplicationContext.log SessionListener: contextDestroyed()
11-Jan-2026 16:32:32.657 INFO [main] org.apache.catalina.core.ApplicationContext.log ContextListener: contextDestroyed()
11-Jan-2026 16:32:38.558 INFO [main] org.apache.catalina.core.ApplicationContext.log ContextListener: contextInitialized()
11-Jan-2026 16:32:38.575 INFO [main] org.apache.catalina.core.ApplicationContext.log SessionListener: contextInitialized()
11-Jan-2026 16:32:38.579 INFO [main] org.apache.catalina.core.ApplicationContext.log ContextListener: attributeAdded('StockTicker', 'async.Stockticker@5edf2821')
11-Jan-2026 17:14:16.197 INFO [main] org.apache.catalina.core.ApplicationContext.log SessionListener: contextDestroyed()
11-Jan-2026 17:14:16.197 INFO [main] org.apache.catalina.core.ApplicationContext.log ContextListener: contextDestroyed()
11-Jan-2026 17:23:48.803 INFO [main] org.apache.catalina.core.ApplicationContext.log ContextListener: contextInitialized()
11-Jan-2026 17:23:48.803 INFO [main] org.apache.catalina.core.ApplicationContext.log SessionListener: contextInitialized()
11-Jan-2026 17:23:48.806 INFO [main] org.apache.catalina.core.ApplicationContext.log ContextListener: attributeAdded('StockTicker', 'async.Stockticker@418c020b')
11-Jan-2026 18:54:35.131 INFO [main] org.apache.catalina.core.ApplicationContext.log ContextListener: contextInitialized()
11-Jan-2026 18:54:35.132 INFO [main] org.apache.catalina.core.ApplicationContext.log SessionListener: contextInitialized()
11-Jan-2026 18:54:35.135 INFO [main] org.apache.catalina.core.ApplicationContext.log ContextListener: attributeAdded('StockTicker', 'async.Stockticker@4038cd3a')
